Component: ARM Compiler 5.06 update 7 (build 960) Tool: armlink [4d3601]

==============================================================================

Section Cross References

    main.o(i.main) refers to sys.o(i.NVIC_Config) for NVIC_Config
    main.o(i.main) refers to delay.o(i.delay_init) for delay_init
    main.o(i.main) refers to beep.o(i.Beep_Init) for Beep_Init
    main.o(i.main) refers to usart.o(i.uart3_init) for uart3_init
    main.o(i.main) refers to oled.o(i.OLED_Init) for OLED_Init
    main.o(i.main) refers to oled.o(i.OLED_Clear) for OLED_Clear
    main.o(i.main) refers to adc.o(i.adc_Init) for adc_Init
    main.o(i.main) refers to motor.o(i.MOTOR_2_Init) for MOTOR_2_Init
    main.o(i.main) refers to pwm.o(i.PWM_Init_TIM3) for PWM_Init_TIM3
    main.o(i.main) refers to pwm.o(i.PWM_Init_TIM2) for PWM_Init_TIM2
    main.o(i.main) refers to stm32f10x_tim.o(i.TIM_SetCompare1) for TIM_SetCompare1
    main.o(i.main) refers to encoder.o(i.Encoder_Init_TIM4) for Encoder_Init_TIM4
    main.o(i.main) refers to oled.o(i.OLED_ShowString) for OLED_ShowString
    main.o(i.main) refers to mpu6050.o(i.MPU_Init) for MPU_Init
    main.o(i.main) refers to inv_mpu.o(i.mpu_dmp_init) for mpu_dmp_init
    main.o(i.main) refers to delay.o(i.delay_ms) for delay_ms
    main.o(i.main) refers to exti.o(i.MPU6050_EXTI_Init) for MPU6050_EXTI_Init
    main.o(i.main) refers to adc.o(i.Get_adc_Average) for Get_adc_Average
    main.o(i.main) refers to dflt_clz.o(x$fpl$dfltu) for __aeabi_ui2d
    main.o(i.main) refers to dmul.o(x$fpl$dmul) for __aeabi_dmul
    main.o(i.main) refers to ddiv.o(x$fpl$ddiv) for __aeabi_ddiv
    main.o(i.main) refers to d2f.o(x$fpl$d2f) for __aeabi_d2f
    main.o(i.main) refers to oled.o(i.OLED_Showdecimal) for OLED_Showdecimal
    main.o(i.main) refers to dflt_clz.o(x$fpl$dflt) for __aeabi_i2d
    main.o(i.main) refers to adc.o(.data) for AdcValue
    main.o(i.main) refers to control.o(.data) for Pitch
    system_stm32f10x.o(i.SetSysClock) refers to system_stm32f10x.o(i.SetSysClockTo72) for SetSysClockTo72
    system_stm32f10x.o(i.SystemCoreClockUpdate) refers to system_stm32f10x.o(.data) for SystemCoreClock
    system_stm32f10x.o(i.SystemInit) refers to system_stm32f10x.o(i.SetSysClock) for SetSysClock
    startup_stm32f10x_hd.o(STACK) refers (Special) to heapauxi.o(.text) for __use_two_region_memory
    startup_stm32f10x_hd.o(HEAP) refers (Special) to heapauxi.o(.text) for __use_two_region_memory
    startup_stm32f10x_hd.o(RESET) refers (Special) to heapauxi.o(.text) for __use_two_region_memory
    startup_stm32f10x_hd.o(RESET) refers to startup_stm32f10x_hd.o(STACK) for __initial_sp
    startup_stm32f10x_hd.o(RESET) refers to startup_stm32f10x_hd.o(.text) for Reset_Handler
    startup_stm32f10x_hd.o(RESET) refers to stm32f10x_it.o(i.NMI_Handler) for NMI_Handler
    startup_stm32f10x_hd.o(RESET) refers to stm32f10x_it.o(i.HardFault_Handler) for HardFault_Handler
    startup_stm32f10x_hd.o(RESET) refers to stm32f10x_it.o(i.MemManage_Handler) for MemManage_Handler
    startup_stm32f10x_hd.o(RESET) refers to stm32f10x_it.o(i.BusFault_Handler) for BusFault_Handler
    startup_stm32f10x_hd.o(RESET) refers to stm32f10x_it.o(i.UsageFault_Handler) for UsageFault_Handler
    startup_stm32f10x_hd.o(RESET) refers to stm32f10x_it.o(i.SVC_Handler) for SVC_Handler
    startup_stm32f10x_hd.o(RESET) refers to stm32f10x_it.o(i.DebugMon_Handler) for DebugMon_Handler
    startup_stm32f10x_hd.o(RESET) refers to stm32f10x_it.o(i.PendSV_Handler) for PendSV_Handler
    startup_stm32f10x_hd.o(RESET) refers to stm32f10x_it.o(i.SysTick_Handler) for SysTick_Handler
    startup_stm32f10x_hd.o(RESET) refers to control.o(i.EXTI9_5_IRQHandler) for EXTI9_5_IRQHandler
    startup_stm32f10x_hd.o(RESET) refers to pwm.o(i.TIM2_IRQHandler) for TIM2_IRQHandler
    startup_stm32f10x_hd.o(RESET) refers to usart.o(i.USART3_IRQHandler) for USART3_IRQHandler
    startup_stm32f10x_hd.o(RESET) refers to wave.o(i.EXTI15_10_IRQHandler) for EXTI15_10_IRQHandler
    startup_stm32f10x_hd.o(.text) refers (Special) to heapauxi.o(.text) for __use_two_region_memory
    startup_stm32f10x_hd.o(.text) refers to system_stm32f10x.o(i.SystemInit) for SystemInit
    startup_stm32f10x_hd.o(.text) refers to __main.o(!!!main) for __main
    startup_stm32f10x_hd.o(.text) refers to startup_stm32f10x_hd.o(HEAP) for Heap_Mem
    startup_stm32f10x_hd.o(.text) refers to startup_stm32f10x_hd.o(STACK) for Stack_Mem
    stm32f10x_adc.o(i.ADC_DeInit) refers to stm32f10x_rcc.o(i.RCC_APB2PeriphResetCmd) for RCC_APB2PeriphResetCmd
    stm32f10x_bkp.o(i.BKP_DeInit) refers to stm32f10x_rcc.o(i.RCC_BackupResetCmd) for RCC_BackupResetCmd
    stm32f10x_can.o(i.CAN_DeInit) refers to stm32f10x_rcc.o(i.RCC_APB1PeriphResetCmd) for RCC_APB1PeriphResetCmd
    stm32f10x_can.o(i.CAN_GetITStatus) refers to stm32f10x_can.o(i.CheckITStatus) for CheckITStatus
    stm32f10x_cec.o(i.CEC_DeInit) refers to stm32f10x_rcc.o(i.RCC_APB1PeriphResetCmd) for RCC_APB1PeriphResetCmd
[...]
    aTeven                                   0x080076b8   Data          48  atan.o(.constdata)
    .constdata                               0x080076e8   Section        8  qnan.o(.constdata)
    .conststring                             0x080076f0   Section       77  inv_mpu.o(.conststring)
    .data                                    0x20000000   Section       20  system_stm32f10x.o(.data)
    .data                                    0x20000014   Section       20  stm32f10x_rcc.o(.data)
    APBAHBPrescTable                         0x20000014   Data          16  stm32f10x_rcc.o(.data)
    ADCPrescTable                            0x20000024   Data           4  stm32f10x_rcc.o(.data)
    .data                                    0x20000028   Section        4  delay.o(.data)
    fac_us                                   0x20000028   Data           1  delay.o(.data)
    fac_ms                                   0x2000002a   Data           2  delay.o(.data)
    .data                                    0x2000002c   Section        6  usart.o(.data)
    .data                                    0x20000034   Section        4  adc.o(.data)
    .data                                    0x20000038   Section       53  inv_mpu.o(.data)
    st                                       0x20000038   Data          44  inv_mpu.o(.data)
    gyro_orientation                         0x20000064   Data           9  inv_mpu.o(.data)
    .data                                    0x20000070   Section       60  control.o(.data)
    filter_angle                             0x20000098   Data           4  control.o(.data)
    .data                                    0x200000ac   Section        4  pwm.o(.data)
    count                                    0x200000ac   Data           4  pwm.o(.data)
    .data                                    0x200000b0   Section        4  wave.o(.data)
    .bss                                     0x200000b4   Section      200  usart.o(.bss)
    .bss                                     0x2000017c   Section       16  inv_mpu_dmp_motion_driver.o(.bss)
    dmp                                      0x2000017c   Data          16  inv_mpu_dmp_motion_driver.o(.bss)
    .bss                                     0x2000018c   Section       96  libspace.o(.bss)
    HEAP                                     0x200001f0   Section      512  startup_stm32f10x_hd.o(HEAP)
    Heap_Mem                                 0x200001f0   Data         512  startup_stm32f10x_hd.o(HEAP)
    STACK                                    0x200003f0   Section     1024  startup_stm32f10x_hd.o(STACK)
    Stack_Mem                                0x200003f0   Data        1024  startup_stm32f10x_hd.o(STACK)
    __initial_sp                             0x200007f0   Data           0  startup_stm32f10x_hd.o(STACK)

    Global Symbols

    Symbol Name                              Value     Ov Type        Size  Object(Section)

    BuildAttributes$$THM_ISAv4$P$D$K$B$S$PE$A:L22UL41UL21$X:L11$S22US41US21$IEEE1$IW$USESV6$~STKCKD$USESV7$~SHL$OTIME$ROPI$IEEEX$EBA8$UX$STANDARDLIB$REQ8$PRES8$EABIv2 0x00000000   Number         0  anon$$obj.o ABSOLUTE
    __ARM_use_no_argv                        0x00000000   Number         0  main.o ABSOLUTE
    _printf_flags                            0x00000000   Number         0  printf_stubs.o ABSOLUTE
    _printf_return_value                     0x00000000   Number         0  printf_stubs.o ABSOLUTE
    _printf_sizespec                         0x00000000   Number         0  printf_stubs.o ABSOLUTE
    _printf_widthprec                        0x00000000   Number         0  printf_stubs.o ABSOLUTE
    __ARM_exceptions_init                     - Undefined Weak Reference
    __alloca_initialize                       - Undefined Weak Reference
    __arm_fini_                               - Undefined Weak Reference
    __arm_preinit_                            - Undefined Weak Reference
    __cpp_initialize__aeabi_                  - Undefined Weak Reference
    __cxa_finalize                            - Undefined Weak Reference
    __rt_locale                               - Undefined Weak Reference
    __sigvec_lookup                           - Undefined Weak Reference
    _atexit_init                              - Undefined Weak Reference
    _call_atexit_fns                          - Undefined Weak Reference
    _clock_init                               - Undefined Weak Reference
    _fp_trap_init                             - Undefined Weak Reference
    _fp_trap_shutdown                         - Undefined Weak Reference
    _get_lc_collate                           - Undefined Weak Reference
    _get_lc_ctype                             - Undefined Weak Reference
    _get_lc_monetary                          - Undefined Weak Reference
    _get_lc_numeric                           - Undefined Weak Reference
    _get_lc_time                              - Undefined Weak Reference
    _getenv_init                              - Undefined Weak Reference
    _handle_redirection                       - Undefined Weak Reference
    _init_alloc                               - Undefined Weak Reference
    _init_user_alloc                          - Undefined Weak Reference
    _initio                                   - Undefined Weak Reference
    _mutex_acquire                            - Undefined Weak Reference
    _mutex_release                            - Undefined Weak Reference
    _printf_truncate_signed                   - Undefined Weak Reference
    _printf_truncate_unsigned                 - Undefined Weak Reference
    _rand_init                                - Undefined Weak Reference
    _signal_finish                            - Undefined Weak Reference
    _signal_init                              - Undefined Weak Reference
    _terminate_alloc                          - Undefined Weak Reference
    _terminate_user_alloc                     - Undefined Weak Reference
    _terminateio                              - Undefined Weak Reference
    __Vectors_Size                           0x00000130   Number         0  startup_stm32f10x_hd.o ABSOLUTE
    __Vectors                                0x08000000   Data           4  startup_stm32f10x_hd.o(RESET)
    __Vectors_End                            0x08000130   Data           0  startup_stm32f10x_hd.o(RESET)
    __main                                   0x08000131   Thumb Code     8  __main.o(!!!main)
    __scatterload                            0x08000139   Thumb Code     0  __scatter.o(!!!scatter)
    __scatterload_rt2                        0x08000139   Thumb Code    44  __scatter.o(!!!scatter)
    __scatterload_rt2_thumb_only             0x08000139   Thumb Code     0  __scatter.o(!!!scatter)
    __scatterload_null                       0x08000147   Thumb Code     0  __scatter.o(!!!scatter)
    __scatterload_copy                       0x0800016d   Thumb Code    26  __scatter_copy.o(!!handler_copy)
    __scatterload_zeroinit                   0x08000189   Thumb Code    28  __scatter_zi.o(!!handler_zi)
    _printf_d                                0x080001a5   Thumb Code     0  _printf_d.o(.ARM.Collect$$_printf_percent$$00000009)
    _printf_percent                          0x080001a5   Thumb Code     0  _printf_percent.o(.ARM.Collect$$_printf_percent$$00000000)
    _printf_percent_end                      0x080001ab   Thumb Code     0  _printf_percent_end.o(.ARM.Collect$$_printf_percent$$00000017)
    __rt_lib_init                            0x080001af   Thumb Code     0  libinit.o(.ARM.Collect$$libinit$$00000000)
    __rt_lib_init_alloca_1                   0x080001b1   Thumb Code     0  libinit2.o(.ARM.Collect$$libinit$$0000002E)
    __rt_lib_init_argv_1                     0x080001b1   Thumb Code     0  libinit2.o(.ARM.Collect$$libinit$$0000002C)
    __rt_lib_init_atexit_1                   0x080001b1   Thumb Code     0  libinit2.o(.ARM.Collect$$libinit$$0000001B)
    __rt_lib_init_clock_1                    0x080001b1   Thumb Code     0  libinit2.o(.ARM.Collect$$libinit$$00000021)
    __rt_lib_init_cpp_1                      0x080001b1   Thumb Code     0  libinit2.o(.ARM.Collect$$libinit$$00000032)
    __rt_lib_init_exceptions_1               0x080001b1   Thumb Code     0  libinit2.o(.ARM.Collect$$libinit$$00000030)
    __rt_lib_init_fp_1                       0x080001b1   Thumb Code     0  libinit2.o(.ARM.Collect$$libinit$$00000002)
    __rt_lib_init_fp_trap_1                  0x080001b1   Thumb Code     0  libinit2.o(.ARM.Collect$$libinit$$0000001F)
    __rt_lib_init_getenv_1                   0x080001b1   Thumb Code     0  libinit2.o(.ARM.Collect$$libinit$$00000023)
    __rt_lib_init_heap_1                     0x080001b1   Thumb Code     0  libinit2.o(.ARM.Collect$$libinit$$0000000A)
    __rt_lib_init_lc_collate_1               0x080001b1   Thumb Code     0  libinit2.o(.ARM.Collect$$libinit$$00000011)
    __rt_lib_init_lc_ctype_1                 0x080001b1   Thumb Code     0  libinit2.o(.ARM.Collect$$libinit$$00000013)
    __rt_lib_init_lc_monetary_1              0x080001b1   Thumb Code     0  libinit2.o(.ARM.Collect$$libinit$$00000015)
    __rt_lib_init_lc_numeric_1               0x080001b1   Thumb Code     0  libinit2.o(.ARM.Collect$$libinit$$00000017)
    __rt_lib_init_lc_time_1                  0x080001b1   Thumb Code     0  libinit2.o(.ARM.Collect$$libinit$$00000019)
    __rt_lib_init_preinit_1                  0x080001b1   Thumb Code     0  libinit2.o(.ARM.Collect$$libinit$$00000004)
    __rt_lib_init_rand_1                     0x080001b1   Thumb Code     0  libinit2.o(.ARM.Collect$$libinit$$0000000E)
    __rt_lib_init_return                     0x080001b1   Thumb Code     0  libinit2.o(.ARM.Collect$$libinit$$00000033)
    __rt_lib_init_signal_1                   0x080001b1   Thumb Code     0  libinit2.o(.ARM.Collect$$libinit$$0000001D)
    __rt_lib_init_stdio_1                    0x080001b1   Thumb Code     0  libinit2.o(.ARM.Collect$$libinit$$00000025)
    __rt_lib_init_user_alloc_1               0x080001b1   Thumb Code     0  libinit2.o(.ARM.Collect$$libinit$$0000000C)
    __rt_lib_shutdown                        0x080001b3   Thumb Code     0  libshutdown.o(.ARM.Collect$$libshutdown$$00000000)
    __rt_lib_shutdown_cpp_1                  0x080001b5   Thumb Code     0  libshutdown2.o(.ARM.Collect$$libshutdown$$00000004)
    __rt_lib_shutdown_fini_1                 0x080001b5   Thumb Code     0  libshutdown2.o(.ARM.Collect$$libshutdown$$00000002)
    __rt_lib_shutdown_fp_trap_1              0x080001b5   Thumb Code     0  libshutdown2.o(.ARM.Collect$$libshutdown$$00000009)
    __rt_lib_shutdown_heap_1                 0x080001b5   Thumb Code     0  libshutdown2.o(.ARM.Collect$$libshutdown$$00000011)
    __rt_lib_shutdown_return                 0x080001b5   Thumb Code     0  libshutdown2.o(.ARM.Collect$$libshutdown$$00000012)
    __rt_lib_shutdown_signal_1               0x080001b5   Thumb Code     0  libshutdown2.o(.ARM.Collect$$libshutdown$$0000000C)
    __rt_lib_shutdown_stdio_1                0x080001b5   Thumb Code     0  libshutdown2.o(.ARM.Collect$$libshutdown$$00000006)
    __rt_lib_shutdown_user_alloc_1           0x080001b5   Thumb Code     0  libshutdown2.o(.ARM.Collect$$libshutdown$$0000000E)
    __rt_entry                               0x080001b7   Thumb Code     0  __rtentry.o(.ARM.Collect$$rtentry$$00000000)
    __rt_entry_presh_1                       0x080001b7   Thumb Code     0  __rtentry2.o(.ARM.Collect$$rtentry$$00000002)
    __rt_entry_sh                            0x080001b7   Thumb Code     0  __rtentry4.o(.ARM.Collect$$rtentry$$00000004)
    __rt_entry_li                            0x080001bd   Thumb Code     0  __rtentry2.o(.ARM.Collect$$rtentry$$0000000A)
    __rt_entry_postsh_1                      0x080001bd   Thumb Code     0  __rtentry2.o(.ARM.Collect$$rtentry$$00000009)
    __rt_entry_main                          0x080001c1   Thumb Code     0  __rtentry2.o(.ARM.Collect$$rtentry$$0000000D)
    __rt_entry_postli_1                      0x080001c1   Thumb Code     0  __rtentry2.o(.ARM.Collect$$rtentry$$0000000C)
    __rt_exit                                0x080001c9   Thumb Code     0  rtexit.o(.ARM.Collect$$rtexit$$00000000)
    __rt_exit_ls                             0x080001cb   Thumb Code     0  rtexit2.o(.ARM.Collect$$rtexit$$00000003)
    __rt_exit_prels_1                        0x080001cb   Thumb Code     0  rtexit2.o(.ARM.Collect$$rtexit$$00000002)
    __rt_exit_exit                           0x080001cf   Thumb Code     0  rtexit2.o(.ARM.Collect$$rtexit$$00000004)
    Reset_Handler                            0x080001d5   Thumb Code     8  startup_stm32f10x_hd.o(.text)
    ADC1_2_IRQHandler                        0x080001ef   Thumb Code     0  startup_stm32f10x_hd.o(.text)
    ADC3_IRQHandler                          0x080001ef   Thumb Code     0  startup_stm32f10x_hd.o(.text)
    CAN1_RX1_IRQHandler                      0x080001ef   Thumb Code     0  startup_stm32f10x_hd.o(.text)
    CAN1_SCE_IRQHandler                      0x080001ef   Thumb Code     0  startup_stm32f10x_hd.o(.text)
    DMA1_Channel1_IRQHandler                 0x080001ef   Thumb Code     0  startup_stm32f10x_hd.o(.text)
    DMA1_Channel2_IRQHandler                 0x080001ef   Thumb Code     0  startup_stm32f10x_hd.o(.text)
    DMA1_Channel3_IRQHandler                 0x080001ef   Thumb Code     0  startup_stm32f10x_hd.o(.text)
    DMA1_Channel4_IRQHandler                 0x080001ef   Thumb Code     0  startup_stm32f10x_hd.o(.text)
    DMA1_Channel5_IRQHandler                 0x080001ef   Thumb Code     0  startup_stm32f10x_hd.o(.text)
    DMA1_Channel6_IRQHandler                 0x080001ef   Thumb Code     0  startup_stm32f10x_hd.o(.text)
    DMA1_Channel7_IRQHandler                 0x080001ef   Thumb Code     0  startup_stm32f10x_hd.o(.text)
    DMA2_Channel1_IRQHandler                 0x080001ef   Thumb Code     0  startup_stm32f10x_hd.o(.text)
    DMA2_Channel2_IRQHandler                 0x080001ef   Thumb Code     0  startup_stm32f10x_hd.o(.text)
    DMA2_Channel3_IRQHandler                 0x080001ef   Thumb Code     0  startup_stm32f10x_hd.o(.text)
    DMA2_Channel4_5_IRQHandler               0x080001ef   Thumb Code     0  startup_stm32f10x_hd.o(.text)
    EXTI0_IRQHandler                         0x080001ef   Thumb Code     0  startup_stm32f10x_hd.o(.text)
    EXTI1_IRQHandler                         0x080001ef   Thumb Code     0  startup_stm32f10x_hd.o(.text)
    EXTI2_IRQHandler                         0x080001ef   Thumb Code     0  startup_stm32f10x_hd.o(.text)
    EXTI3_IRQHandler                         0x080001ef   Thumb Code     0  startup_stm32f10x_hd.o(.text)
    EXTI4_IRQHandler                         0x080001ef   Thumb Code     0  startup_stm32f10x_hd.o(.text)
    FLASH_IRQHandler                         0x080001ef   Thumb Code     0  startup_stm32f10x_hd.o(.text)
    FSMC_IRQHandler                          0x080001ef   Thumb Code     0  startup_stm32f10x_hd.o(.text)
    I2C1_ER_IRQHandler                       0x080001ef   Thumb Code     0  startup_stm32f10x_hd.o(.text)
    I2C1_EV_IRQHandler                       0x080001ef   Thumb Code     0  startup_stm32f10x_hd.o(.text)
    I2C2_ER_IRQHandler                       0x080001ef   Thumb Code     0  startup_stm32f10x_hd.o(.text)
    I2C2_EV_IRQHandler                       0x080001ef   Thumb Code     0  startup_stm32f10x_hd.o(.text)
    PVD_IRQHandler                           0x080001ef   Thumb Code     0  startup_stm32f10x_hd.o(.text)
    RCC_IRQHandler                           0x080001ef   Thumb Code     0  startup_stm32f10x_hd.o(.text)
    RTCAlarm_IRQHandler                      0x080001ef   Thumb Code     0  startup_stm32f10x_hd.o(.text)
    RTC_IRQHandler                           0x080001ef   Thumb Code     0  startup_stm32f10x_hd.o(.text)
    SDIO_IRQHandler                          0x080001ef   Thumb Code     0  startup_stm32f10x_hd.o(.text)
    SPI1_IRQHandler                          0x080001ef   Thumb Code     0  startup_stm32f10x_hd.o(.text)
    SPI2_IRQHandler                          0x080001ef   Thumb Code     0  startup_stm32f10x_hd.o(.text)
    SPI3_IRQHandler                          0x080001ef   Thumb Code     0  startup_stm32f10x_hd.o(.text)
    TAMPER_IRQHandler                        0x080001ef   Thumb Code     0  startup_stm32f10x_hd.o(.text)
    TIM1_BRK_IRQHandler                      0x080001ef   Thumb Code     0  startup_stm32f10x_hd.o(.text)
    TIM1_CC_IRQHandler                       0x080001ef   Thumb Code     0  startup_stm32f10x_hd.o(.text)
    TIM1_TRG_COM_IRQHandler                  0x080001ef   Thumb Code     0  startup_stm32f10x_hd.o(.text)
    TIM1_UP_IRQHandler                       0x080001ef   Thumb Code     0  startup_stm32f10x_hd.o(.text)
    TIM3_IRQHandler                          0x080001ef   Thumb Code     0  startup_stm32f10x_hd.o(.text)
    TIM4_IRQHandler                          0x080001ef   Thumb Code     0  startup_stm32f10x_hd.o(.text)
    TIM5_IRQHandler                          0x080001ef   Thumb Code     0  startup_stm32f10x_hd.o(.text)
    TIM6_IRQHandler                          0x080001ef   Thumb Code     0  startup_stm32f10x_hd.o(.text)
    TIM7_IRQHandler                          0x080001ef   Thumb Code     0  startup_stm32f10x_hd.o(.text)
    TIM8_BRK_IRQHandler                      0x080001ef   Thumb Code     0  startup_stm32f10x_hd.o(.text)
    TIM8_CC_IRQHandler                       0x080001ef   Thumb Code     0  startup_stm32f10x_hd.o(.text)
    TIM8_TRG_COM_IRQHandler                  0x080001ef   Thumb Code     0  startup_stm32f10x_hd.o(.text)
    TIM8_UP_IRQHandler                       0x080001ef   Thumb Code     0  startup_stm32f10x_hd.o(.text)
    UART4_IRQHandler                         0x080001ef   Thumb Code     0  startup_stm32f10x_hd.o(.text)
    UART5_IRQHandler                         0x080001ef   Thumb Code     0  startup_stm32f10x_hd.o(.text)
    USART1_IRQHandler                        0x080001ef   Thumb Code     0  startup_stm32f10x_hd.o(.text)
    USART2_IRQHandler                        0x080001ef   Thumb Code     0  startup_stm32f10x_hd.o(.text)
    USBWakeUp_IRQHandler                     0x080001ef   Thumb Code     0  startup_stm32f10x_hd.o(.text)
    USB_HP_CAN1_TX_IRQHandler                0x080001ef   Thumb Code     0  startup_stm32f10x_hd.o(.text)
    USB_LP_CAN1_RX0_IRQHandler               0x080001ef   Thumb Code     0  startup_stm32f10x_hd.o(.text)
    WWDG_IRQHandler                          0x080001ef   Thumb Code     0  startup_stm32f10x_hd.o(.text)
    __user_initial_stackheap                 0x080001f1   Thumb Code     0  startup_stm32f10x_hd.o(.text)
    __use_no_semihosting                     0x08000215   Thumb Code     2  use_no_semi_2.o(.text)
    __2printf                                0x08000219   Thumb Code    20  noretval__2printf.o(.text)
    _printf_int_dec                          0x08000231   Thumb Code   104  _printf_dec.o(.text)
    __printf                                 0x080002a9   Thumb Code   308  __printf_flags_wp.o(.text)
    memcmp                                   0x080003e1   Thumb Code    88  memcmp.o(.text)
    __aeabi_memset                           0x08000439   Thumb Code    16  aeabi_memset.o(.text)
    __use_two_region_memory                  0x08000449   Thumb Code     2  heapauxi.o(.text)
    __rt_heap_escrow$2region                 0x0800044b   Thumb Code     2  heapauxi.o(.text)
    __rt_heap_expand$2region                 0x0800044d   Thumb Code     2  heapauxi.o(.text)
    __I$use$semihosting                      0x0800044f   Thumb Code     0  use_no_semi.o(.text)
    __use_no_semihosting_swi                 0x0800044f   Thumb Code     2  use_no_semi.o(.text)
    __read_errno                             0x08000451   Thumb Code    10  _rserrno.o(.text)
    __set_errno                              0x0800045b   Thumb Code    12  _rserrno.o(.text)
    _printf_int_common                       0x08000467   Thumb Code   178  _printf_intcommon.o(.text)
    _printf_char_file                        0x08000519   Thumb Code    32  _printf_char_file.o(.text)
    __aeabi_memclr                           0x0800053d   Thumb Code     0  rt_memclr.o(.text)
    __rt_memclr                              0x0800053d   Thumb Code    68  rt_memclr.o(.text)
    _memset                                  0x08000541   Thumb Code     0  rt_memclr.o(.text)
    __aeabi_errno_addr                       0x08000581   Thumb Code     8  rt_errno_addr_intlibspace.o(.text)
    __errno$intlibspace                      0x08000581   Thumb Code     0  rt_errno_addr_intlibspace.o(.text)
    __rt_errno_addr$intlibspace              0x08000581   Thumb Code     0  rt_errno_addr_intlibspace.o(.text)
    _printf_char_common                      0x08000593   Thumb Code    32  _printf_char_common.o(.text)
    ferror                                   0x080005b9   Thumb Code     8  ferror.o(.text)
    __aeabi_memclr4                          0x080005c1   Thumb Code     0  rt_memclr_w.o(.text)
    __aeabi_memclr8                          0x080005c1   Thumb Code     0  rt_memclr_w.o(.text)
    __rt_memclr_w                            0x080005c1   Thumb Code    78  rt_memclr_w.o(.text)
    _memset_w                                0x080005c5   Thumb Code     0  rt_memclr_w.o(.text)
    __user_libspace                          0x08000611   Thumb Code     8  libspace.o(.text)
    __user_perproc_libspace                  0x08000611   Thumb Code     0  libspace.o(.text)
    __user_perthread_libspace                0x08000611   Thumb Code     0  libspace.o(.text)
    __user_setup_stackheap                   0x08000619   Thumb Code    74  sys_stackheap_outer.o(.text)
    exit                                     0x08000663   Thumb Code    18  exit.o(.text)
    ADC_Cmd                                  0x08000675   Thumb Code    22  stm32f10x_adc.o(i.ADC_Cmd)
    ADC_DeInit                               0x0800068d   Thumb Code    78  stm32f10x_adc.o(i.ADC_DeInit)
    ADC_GetCalibrationStatus                 0x080006e9   Thumb Code    20  stm32f10x_adc.o(i.ADC_GetCalibrationStatus)
    ADC_GetConversionValue                   0x080006fd   Thumb Code     8  stm32f10x_adc.o(i.ADC_GetConversionValue)
    ADC_GetFlagStatus                        0x08000705   Thumb Code    18  stm32f10x_adc.o(i.ADC_GetFlagStatus)
    ADC_GetResetCalibrationStatus            0x08000717   Thumb Code    20  stm32f10x_adc.o(i.ADC_GetResetCalibrationStatus)
    ADC_Init                                 0x0800072d   Thumb Code    70  stm32f10x_adc.o(i.ADC_Init)
    ADC_RegularChannelConfig                 0x0800077d   Thumb Code   184  stm32f10x_adc.o(i.ADC_RegularChannelConfig)
    ADC_ResetCalibration                     0x08000835   Thumb Code    10  stm32f10x_adc.o(i.ADC_ResetCalibration)
    ADC_SoftwareStartConvCmd                 0x0800083f   Thumb Code    22  stm32f10x_adc.o(i.ADC_SoftwareStartConvCmd)
    ADC_StartCalibration                     0x08000855   Thumb Code    10  stm32f10x_adc.o(i.ADC_StartCalibration)
    Backward                                 0x08000861   Thumb Code    28  motor.o(i.Backward)
    Beep_Init                                0x08000889   Thumb Code    40  beep.o(i.Beep_Init)
    BusFault_Handler                         0x080008b5   Thumb Code     4  stm32f10x_it.o(i.BusFault_Handler)
    DebugMon_Handler                         0x080008b9   Thumb Code     2  stm32f10x_it.o(i.DebugMon_Handler)
    EXTI15_10_IRQHandler                     0x080008bd   Thumb Code    94  wave.o(i.EXTI15_10_IRQHandler)
    EXTI9_5_IRQHandler                       0x0800092d   Thumb Code   248  control.o(i.EXTI9_5_IRQHandler)
    EXTI_ClearITPendingBit                   0x08000a65   Thumb Code     6  stm32f10x_exti.o(i.EXTI_ClearITPendingBit)
    EXTI_GetITStatus                         0x08000a71   Thumb Code    34  stm32f10x_exti.o(i.EXTI_GetITStatus)
    EXTI_Init                                0x08000a99   Thumb Code   142  stm32f10x_exti.o(i.EXTI_Init)
    Encoder_Init_TIM4                        0x08000b2d   Thumb Code   114  encoder.o(i.Encoder_Init_TIM4)
    Forward                                  0x08000ba9   Thumb Code    28  motor.o(i.Forward)
    GPIO_EXTILineConfig                      0x08000bd1   Thumb Code    60  stm32f10x_gpio.o(i.GPIO_EXTILineConfig)
    GPIO_Init                                0x08000c11   Thumb Code   278  stm32f10x_gpio.o(i.GPIO_Init)
    GPIO_PinRemapConfig                      0x08000d29   Thumb Code   138  stm32f10x_gpio.o(i.GPIO_PinRemapConfig)
    GPIO_ReadInputDataBit                    0x08000db9   Thumb Code    18  stm32f10x_gpio.o(i.GPIO_ReadInputDataBit)
    GPIO_ResetBits                           0x08000dcb   Thumb Code     4  stm32f10x_gpio.o(i.GPIO_ResetBits)
    GPIO_SetBits                             0x08000dcf   Thumb Code     4  stm32f10x_gpio.o(i.GPIO_SetBits)
    Get_adc                                  0x08000dd5   Thumb Code    46  adc.o(i.Get_adc)
    Get_adc_Average                          0x08000e09   Thumb Code    62  adc.o(i.Get_adc_Average)
    HardFault_Handler                        0x08000e4d   Thumb Code     4  stm32f10x_it.o(i.HardFault_Handler)
    IIC_Start                                0x08000e51   Thumb Code    44  oled.o(i.IIC_Start)
    IIC_Stop                                 0x08000e81   Thumb Code    34  oled.o(i.IIC_Stop)
    IIC_Wait_Ack                             0x08000ea9   Thumb Code    24  oled.o(i.IIC_Wait_Ack)
    MOTOR_2_Init                             0x08000ec5   Thumb Code    38  motor.o(i.MOTOR_2_Init)
    MPU6050_EXTI_Init                        0x08000ef1   Thumb Code    74  exti.o(i.MPU6050_EXTI_Init)
    MPU_Get_Accelerometer                    0x08000f41   Thumb Code    80  mpu6050.o(i.MPU_Get_Accelerometer)
    MPU_Get_Gyroscope                        0x08000f91   Thumb Code    80  mpu6050.o(i.MPU_Get_Gyroscope)
    MPU_IIC_Ack                              0x08000fe1   Thumb Code    62  mpuiic.o(i.MPU_IIC_Ack)
    MPU_IIC_Delay                            0x0800102d   Thumb Code    10  mpuiic.o(i.MPU_IIC_Delay)
    MPU_IIC_Init                             0x08001039   Thumb Code    54  mpuiic.o(i.MPU_IIC_Init)
    MPU_IIC_NAck                             0x08001079   Thumb Code    62  mpuiic.o(i.MPU_IIC_NAck)
    MPU_IIC_Read_Byte                        0x080010c5   Thumb Code    94  mpuiic.o(i.MPU_IIC_Read_Byte)
    MPU_IIC_Send_Byte                        0x08001131   Thumb Code    80  mpuiic.o(i.MPU_IIC_Send_Byte)
    MPU_IIC_Start                            0x0800118d   Thumb Code    60  mpuiic.o(i.MPU_IIC_Start)
    MPU_IIC_Stop                             0x080011d5   Thumb Code    58  mpuiic.o(i.MPU_IIC_Stop)
    MPU_IIC_Wait_Ack                         0x0800121d   Thumb Code    86  mpuiic.o(i.MPU_IIC_Wait_Ack)
    MPU_Init                                 0x08001281   Thumb Code   122  mpu6050.o(i.MPU_Init)
    MPU_Read_Byte                            0x080012fb   Thumb Code    58  mpu6050.o(i.MPU_Read_Byte)
    MPU_Read_Len                             0x08001335   Thumb Code   116  mpu6050.o(i.MPU_Read_Len)
    MPU_Set_Accel_Fsr                        0x080013a9   Thumb Code    16  mpu6050.o(i.MPU_Set_Accel_Fsr)
    MPU_Set_Gyro_Fsr                         0x080013b9   Thumb Code    16  mpu6050.o(i.MPU_Set_Gyro_Fsr)
    MPU_Set_LPF                              0x080013c9   Thumb Code    58  mpu6050.o(i.MPU_Set_LPF)
    MPU_Set_Rate                             0x08001403   Thumb Code    58  mpu6050.o(i.MPU_Set_Rate)
    MPU_Write_Byte                           0x0800143d   Thumb Code    68  mpu6050.o(i.MPU_Write_Byte)
    MPU_Write_Len                            0x08001481   Thumb Code    96  mpu6050.o(i.MPU_Write_Len)
    MemManage_Handler                        0x080014e1   Thumb Code     4  stm32f10x_it.o(i.MemManage_Handler)
    NMI_Handler                              0x080014e5   Thumb Code     2  stm32f10x_it.o(i.NMI_Handler)
    NVIC_Config                              0x080014e7   Thumb Code    70  sys.o(i.NVIC_Config)
    NVIC_Init                                0x0800152d   Thumb Code   100  misc.o(i.NVIC_Init)
    NVIC_PriorityGroupConfig                 0x0800159d   Thumb Code    10  misc.o(i.NVIC_PriorityGroupConfig)
    OLED_Clear                               0x080015b1   Thumb Code    62  oled.o(i.OLED_Clear)
    OLED_Init                                0x080015f1   Thumb Code   274  oled.o(i.OLED_Init)
    OLED_Set_Pos                             0x08001709   Thumb Code    40  oled.o(i.OLED_Set_Pos)
    OLED_ShowChar                            0x08001731   Thumb Code   154  oled.o(i.OLED_ShowChar)
    OLED_ShowString                          0x080017d5   Thumb Code    58  oled.o(i.OLED_ShowString)
    OLED_Showdecimal                         0x08001811   Thumb Code   386  oled.o(i.OLED_Showdecimal)
    OLED_WR_Byte                             0x0800199d   Thumb Code    24  oled.o(i.OLED_WR_Byte)
    PWM_Init_TIM2                            0x080019b5   Thumb Code   142  pwm.o(i.PWM_Init_TIM2)
    PWM_Init_TIM3                            0x08001a49   Thumb Code   178  pwm.o(i.PWM_Init_TIM3)
    PendSV_Handler                           0x08001b09   Thumb Code     2  stm32f10x_it.o(i.PendSV_Handler)
    RCC_ADCCLKConfig                         0x08001b0d   Thumb Code    18  stm32f10x_rcc.o(i.RCC_ADCCLKConfig)
    RCC_APB1PeriphClockCmd                   0x08001b25   Thumb Code    26  stm32f10x_rcc.o(i.RCC_APB1PeriphClockCmd)
    RCC_APB2PeriphClockCmd                   0x08001b45   Thumb Code    26  stm32f10x_rcc.o(i.RCC_APB2PeriphClockCmd)
    RCC_APB2PeriphResetCmd                   0x08001b65   Thumb Code    26  stm32f10x_rcc.o(i.RCC_APB2PeriphResetCmd)
    RCC_GetClocksFreq                        0x08001b85   Thumb Code   192  stm32f10x_rcc.o(i.RCC_GetClocksFreq)
    Read_Encoder_TIM4                        0x08001c59   Thumb Code    24  encoder.o(i.Read_Encoder_TIM4)
    SVC_Handler                              0x08001c75   Thumb Code     2  stm32f10x_it.o(i.SVC_Handler)
    Stopped                                  0x08001d61   Thumb Code    14  motor.o(i.Stopped)
    SysTick_CLKSourceConfig                  0x08001d79   Thumb Code    40  misc.o(i.SysTick_CLKSourceConfig)
    SysTick_Handler                          0x08001da1   Thumb Code     2  stm32f10x_it.o(i.SysTick_Handler)
    SystemInit                               0x08001da5   Thumb Code    78  system_stm32f10x.o(i.SystemInit)
    TIM2_IRQHandler                          0x08002045   Thumb Code   110  pwm.o(i.TIM2_IRQHandler)
    TIM_ARRPreloadConfig                     0x080020c5   Thumb Code    24  stm32f10x_tim.o(i.TIM_ARRPreloadConfig)
    TIM_ClearITPendingBit                    0x080020dd   Thumb Code     6  stm32f10x_tim.o(i.TIM_ClearITPendingBit)
    TIM_Cmd                                  0x080020e3   Thumb Code    24  stm32f10x_tim.o(i.TIM_Cmd)
    TIM_EncoderInterfaceConfig               0x080020fb   Thumb Code    66  stm32f10x_tim.o(i.TIM_EncoderInterfaceConfig)
    TIM_GetCounter                           0x0800213d   Thumb Code     6  stm32f10x_tim.o(i.TIM_GetCounter)
    TIM_GetITStatus                          0x08002143   Thumb Code    34  stm32f10x_tim.o(i.TIM_GetITStatus)
    TIM_ICInit                               0x08002165   Thumb Code   150  stm32f10x_tim.o(i.TIM_ICInit)
    TIM_ICStructInit                         0x08002211   Thumb Code    18  stm32f10x_tim.o(i.TIM_ICStructInit)
    TIM_OC1Init                              0x08002225   Thumb Code   132  stm32f10x_tim.o(i.TIM_OC1Init)
    TIM_OC1PreloadConfig                     0x080022bd   Thumb Code    18  stm32f10x_tim.o(i.TIM_OC1PreloadConfig)
    TIM_OC2Init                              0x080022d1   Thumb Code   154  stm32f10x_tim.o(i.TIM_OC2Init)
    TIM_OC2PreloadConfig                     0x08002375   Thumb Code    26  stm32f10x_tim.o(i.TIM_OC2PreloadConfig)
    TIM_OC3Init                              0x08002391   Thumb Code   150  stm32f10x_tim.o(i.TIM_OC3Init)
    TIM_OC3PreloadConfig                     0x08002431   Thumb Code    18  stm32f10x_tim.o(i.TIM_OC3PreloadConfig)
    TIM_SetCompare1                          0x08002443   Thumb Code     4  stm32f10x_tim.o(i.TIM_SetCompare1)
    TIM_SetCompare3                          0x08002447   Thumb Code     4  stm32f10x_tim.o(i.TIM_SetCompare3)
    TIM_SetCounter                           0x0800244b   Thumb Code     4  stm32f10x_tim.o(i.TIM_SetCounter)
    TIM_SetIC1Prescaler                      0x0800244f   Thumb Code    18  stm32f10x_tim.o(i.TIM_SetIC1Prescaler)
    TIM_SetIC2Prescaler                      0x08002461   Thumb Code    26  stm32f10x_tim.o(i.TIM_SetIC2Prescaler)
    TIM_SetIC3Prescaler                      0x0800247b   Thumb Code    18  stm32f10x_tim.o(i.TIM_SetIC3Prescaler)
    TIM_SetIC4Prescaler                      0x0800248d   Thumb Code    26  stm32f10x_tim.o(i.TIM_SetIC4Prescaler)
    TIM_TimeBaseInit                         0x080024a9   Thumb Code   122  stm32f10x_tim.o(i.TIM_TimeBaseInit)
    USART3_IRQHandler                        0x0800254d   Thumb Code   216  usart.o(i.USART3_IRQHandler)
    USART_ClearITPendingBit                  0x08002635   Thumb Code    30  stm32f10x_usart.o(i.USART_ClearITPendingBit)
    USART_Cmd                                0x08002653   Thumb Code    24  stm32f10x_usart.o(i.USART_Cmd)
    USART_GetITStatus                        0x0800266b   Thumb Code    84  stm32f10x_usart.o(i.USART_GetITStatus)
    USART_ITConfig                           0x080026bf   Thumb Code    74  stm32f10x_usart.o(i.USART_ITConfig)
    USART_Init                               0x08002709   Thumb Code   210  stm32f10x_usart.o(i.USART_Init)
    USART_ReceiveData                        0x080027e1   Thumb Code    10  stm32f10x_usart.o(i.USART_ReceiveData)
    UsageFault_Handler                       0x080027eb   Thumb Code     4  stm32f10x_it.o(i.UsageFault_Handler)
    Vertical                                 0x080027f1   Thumb Code    64  control.o(i.Vertical)
    Write_IIC_Byte                           0x08002839   Thumb Code    88  oled.o(i.Write_IIC_Byte)
    Write_IIC_Command                        0x08002895   Thumb Code    44  oled.o(i.Write_IIC_Command)
    Write_IIC_Data                           0x080028c1   Thumb Code    44  oled.o(i.Write_IIC_Data)
    __ARM_fpclassify                         0x080028ed   Thumb Code    40  fpclassify.o(i.__ARM_fpclassify)
    __kernel_poly                            0x08002915   Thumb Code   170  poly.o(i.__kernel_poly)
    __mathlib_dbl_infnan                     0x080029bf   Thumb Code     6  dunder.o(i.__mathlib_dbl_infnan)
    __mathlib_dbl_infnan2                    0x080029c5   Thumb Code     4  dunder.o(i.__mathlib_dbl_infnan2)
    __mathlib_dbl_invalid                    0x080029c9   Thumb Code    12  dunder.o(i.__mathlib_dbl_invalid)
    __mathlib_dbl_underflow                  0x080029d5   Thumb Code    10  dunder.o(i.__mathlib_dbl_underflow)
    _is_digit                                0x080029e5   Thumb Code    14  __printf_wp.o(i._is_digit)
    _sys_exit                                0x080029f3   Thumb Code     4  usart.o(i._sys_exit)
    adc_Init                                 0x080029f9   Thumb Code   146  adc.o(i.adc_Init)
    asin                                     0x08002a95   Thumb Code   572  asin.o(i.asin)
    atan                                     0x08002d05   Thumb Code   474  atan.o(i.atan)
    atan2                                    0x08002f25   Thumb Code   374  atan2.o(i.atan2)
    delay_init                               0x08003125   Thumb Code    50  delay.o(i.delay_init)
    delay_ms                                 0x08003169   Thumb Code    72  delay.o(i.delay_ms)
    delay_us                                 0x080031b5   Thumb Code    72  delay.o(i.delay_us)
    dmp_enable_6x_lp_quat                    0x08003201   Thumb Code    60  inv_mpu_dmp_motion_driver.o(i.dmp_enable_6x_lp_quat)
    dmp_enable_feature                       0x0800323d   Thumb Code   530  inv_mpu_dmp_motion_driver.o(i.dmp_enable_feature)
    dmp_enable_gyro_cal                      0x08003459   Thumb Code    62  inv_mpu_dmp_motion_driver.o(i.dmp_enable_gyro_cal)
    dmp_enable_lp_quat                       0x080034b1   Thumb Code    60  inv_mpu_dmp_motion_driver.o(i.dmp_enable_lp_quat)
    dmp_load_motion_driver_firmware          0x080034ed   Thumb Code    20  inv_mpu_dmp_motion_driver.o(i.dmp_load_motion_driver_firmware)
    dmp_read_fifo                            0x08003505   Thumb Code   456  inv_mpu_dmp_motion_driver.o(i.dmp_read_fifo)
    dmp_set_fifo_rate                        0x080036d1   Thumb Code    96  inv_mpu_dmp_motion_driver.o(i.dmp_set_fifo_rate)
    dmp_set_orientation                      0x08003741   Thumb Code   290  inv_mpu_dmp_motion_driver.o(i.dmp_set_orientation)
    dmp_set_shake_reject_thresh              0x08003879   Thumb Code    56  inv_mpu_dmp_motion_driver.o(i.dmp_set_shake_reject_thresh)
    dmp_set_shake_reject_time                0x080038b1   Thumb Code    38  inv_mpu_dmp_motion_driver.o(i.dmp_set_shake_reject_time)
    dmp_set_shake_reject_timeout             0x080038d7   Thumb Code    38  inv_mpu_dmp_motion_driver.o(i.dmp_set_shake_reject_timeout)
    dmp_set_tap_axes                         0x080038fd   Thumb Code    70  inv_mpu_dmp_motion_driver.o(i.dmp_set_tap_axes)
    dmp_set_tap_count                        0x08003943   Thumb Code    38  inv_mpu_dmp_motion_driver.o(i.dmp_set_tap_count)
    dmp_set_tap_thresh                       0x08003969   Thumb Code   396  inv_mpu_dmp_motion_driver.o(i.dmp_set_tap_thresh)
    dmp_set_tap_time                         0x08003b09   Thumb Code    38  inv_mpu_dmp_motion_driver.o(i.dmp_set_tap_time)
    dmp_set_tap_time_multi                   0x08003b2f   Thumb Code    38  inv_mpu_dmp_motion_driver.o(i.dmp_set_tap_time_multi)
    fputc                                    0x08003b55   Thumb Code    24  usart.o(i.fputc)
    inv_orientation_matrix_to_scalar         0x08003b71   Thumb Code    40  inv_mpu.o(i.inv_orientation_matrix_to_scalar)
    inv_row_2_scale                          0x08003b99   Thumb Code    78  inv_mpu.o(i.inv_row_2_scale)
    main                                     0x08003be9   Thumb Code   334  main.o(i.main)
    mget_ms                                  0x08003dc5   Thumb Code     2  inv_mpu.o(i.mget_ms)
    mpu_configure_fifo                       0x08003dc9   Thumb Code   106  inv_mpu.o(i.mpu_configure_fifo)
    mpu_dmp_get_data                         0x08003e39   Thumb Code   544  inv_mpu.o(i.mpu_dmp_get_data)
    mpu_dmp_init                             0x0800405d   Thumb Code   142  inv_mpu.o(i.mpu_dmp_init)
    mpu_get_accel_fsr                        0x080040f1   Thumb Code    72  inv_mpu.o(i.mpu_get_accel_fsr)
    mpu_init                                 0x0800413d   Thumb Code   416  inv_mpu.o(i.mpu_init)
    mpu_load_firmware                        0x0800432d   Thumb Code   180  inv_mpu.o(i.mpu_load_firmware)
    mpu_lp_accel_mode                        0x080043e5   Thumb Code   218  inv_mpu.o(i.mpu_lp_accel_mode)
    mpu_read_fifo_stream                     0x080044c5   Thumb Code   186  inv_mpu.o(i.mpu_read_fifo_stream)
    mpu_read_mem                             0x08004585   Thumb Code   122  inv_mpu.o(i.mpu_read_mem)
    mpu_reset_fifo                           0x08004605   Thumb Code   450  inv_mpu.o(i.mpu_reset_fifo)
    mpu_set_accel_fsr                        0x080047cd   Thumb Code   126  inv_mpu.o(i.mpu_set_accel_fsr)
    mpu_set_bypass                           0x08004851   Thumb Code   328  inv_mpu.o(i.mpu_set_bypass)
    mpu_set_dmp_state                        0x0800499d   Thumb Code   138  inv_mpu.o(i.mpu_set_dmp_state)
    mpu_set_gyro_fsr                         0x08004a2d   Thumb Code   132  inv_mpu.o(i.mpu_set_gyro_fsr)
    mpu_set_int_latched                      0x08004ab5   Thumb Code   102  inv_mpu.o(i.mpu_set_int_latched)
    mpu_set_lpf                              0x08004b21   Thumb Code   126  inv_mpu.o(i.mpu_set_lpf)
    mpu_set_sample_rate                      0x08004ba5   Thumb Code   152  inv_mpu.o(i.mpu_set_sample_rate)
    mpu_set_sensors                          0x08004c41   Thumb Code   202  inv_mpu.o(i.mpu_set_sensors)
    mpu_write_mem                            0x08004d11   Thumb Code   122  inv_mpu.o(i.mpu_write_mem)
    oled_pow                                 0x08004d91   Thumb Code    22  oled.o(i.oled_pow)
    sqrt                                     0x08004e39   Thumb Code    76  sqrt.o(i.sqrt)
    uart3_init                               0x08004e85   Thumb Code   122  usart.o(i.uart3_init)
    __aeabi_d2f                              0x08004f0d   Thumb Code     0  d2f.o(x$fpl$d2f)
    _d2f                                     0x08004f0d   Thumb Code    98  d2f.o(x$fpl$d2f)
    __aeabi_dadd                             0x08004f71   Thumb Code     0  daddsub_clz.o(x$fpl$dadd)
    _dadd                                    0x08004f71   Thumb Code   332  daddsub_clz.o(x$fpl$dadd)
    __fpl_dcheck_NaN1                        0x080050c1   Thumb Code    10  dcheck1.o(x$fpl$dcheck1)
    __fpl_dcmp_Inf                           0x080050d1   Thumb Code    24  dcmpi.o(x$fpl$dcmpinf)
    __aeabi_ddiv                             0x080050e9   Thumb Code     0  ddiv.o(x$fpl$ddiv)
    _ddiv                                    0x080050e9   Thumb Code   552  ddiv.o(x$fpl$ddiv)
    __aeabi_cdcmpeq                          0x08005399   Thumb Code     0  deqf.o(x$fpl$deqf)
    _dcmpeq                                  0x08005399   Thumb Code   120  deqf.o(x$fpl$deqf)
    __aeabi_i2d                              0x08005411   Thumb Code     0  dflt_clz.o(x$fpl$dflt)
    _dflt                                    0x08005411   Thumb Code    46  dflt_clz.o(x$fpl$dflt)
    __aeabi_ui2d                             0x0800543f   Thumb Code     0  dflt_clz.o(x$fpl$dfltu)
    _dfltu                                   0x0800543f   Thumb Code    38  dflt_clz.o(x$fpl$dfltu)
    __aeabi_dmul                             0x08005465   Thumb Code     0  dmul.o(x$fpl$dmul)
    _dmul                                    0x08005465   Thumb Code   332  dmul.o(x$fpl$dmul)
    __fpl_dnaninf                            0x080055b9   Thumb Code   156  dnaninf.o(x$fpl$dnaninf)
    __fpl_dretinf                            0x08005655   Thumb Code    12  dretinf.o(x$fpl$dretinf)
    __aeabi_drsub                            0x08005661   Thumb Code     0  daddsub_clz.o(x$fpl$drsb)
    _drsb                                    0x08005661   Thumb Code    22  daddsub_clz.o(x$fpl$drsb)
    _dsqrt                                   0x08005679   Thumb Code   456  dsqrt_noumaal.o(x$fpl$dsqrt)
    __aeabi_dsub                             0x08005845   Thumb Code     0  daddsub_clz.o(x$fpl$dsub)
    _dsub                                    0x08005845   Thumb Code   464  daddsub_clz.o(x$fpl$dsub)
    __aeabi_f2d                              0x08005a19   Thumb Code     0  f2d.o(x$fpl$f2d)
    _f2d                                     0x08005a19   Thumb Code    86  f2d.o(x$fpl$f2d)
    __aeabi_fadd                             0x08005a71   Thumb Code     0  faddsub_clz.o(x$fpl$fadd)
    _fadd                                    0x08005a71   Thumb Code   196  faddsub_clz.o(x$fpl$fadd)
    __fpl_fcmp_Inf                           0x08005b35   Thumb Code    24  fcmpi.o(x$fpl$fcmpinf)
    __aeabi_fdiv                             0x08005b4d   Thumb Code     0  fdiv.o(x$fpl$fdiv)
    _fdiv                                    0x08005b4d   Thumb Code   384  fdiv.o(x$fpl$fdiv)
    __aeabi_f2iz                             0x08005cd1   Thumb Code     0  ffix.o(x$fpl$ffix)
    _ffix                                    0x08005cd1   Thumb Code    54  ffix.o(x$fpl$ffix)
    __aeabi_f2uiz                            0x08005d09   Thumb Code     0  ffixu.o(x$fpl$ffixu)
    _ffixu                                   0x08005d09   Thumb Code    62  ffixu.o(x$fpl$ffixu)
    __aeabi_i2f                              0x08005d49   Thumb Code     0  fflt_clz.o(x$fpl$fflt)
    _fflt                                    0x08005d49   Thumb Code    48  fflt_clz.o(x$fpl$fflt)
    __aeabi_ui2f                             0x08005d79   Thumb Code     0  fflt_clz.o(x$fpl$ffltu)
    _ffltu                                   0x08005d79   Thumb Code    38  fflt_clz.o(x$fpl$ffltu)
    __aeabi_cfcmple                          0x08005da1   Thumb Code     0  fleqf.o(x$fpl$fleqf)
    _fcmple                                  0x08005da1   Thumb Code   104  fleqf.o(x$fpl$fleqf)
    __fpl_fcmple_InfNaN                      0x08005df3   Thumb Code     0  fleqf.o(x$fpl$fleqf)
    __aeabi_fmul                             0x08005e09   Thumb Code     0  fmul.o(x$fpl$fmul)
    _fmul                                    0x08005e09   Thumb Code   258  fmul.o(x$fpl$fmul)
    __fpl_fnaninf                            0x08005f0b   Thumb Code   140  fnaninf.o(x$fpl$fnaninf)
    __fpl_fretinf                            0x08005f97   Thumb Code    10  fretinf.o(x$fpl$fretinf)
    __aeabi_frsub                            0x08005fa1   Thumb Code     0  faddsub_clz.o(x$fpl$frsb)
    _frsb                                    0x08005fa1   Thumb Code    20  faddsub_clz.o(x$fpl$frsb)
    __aeabi_fsub                             0x08005fb5   Thumb Code     0  faddsub_clz.o(x$fpl$fsub)
    _fsub                                    0x08005fb5   Thumb Code   234  faddsub_clz.o(x$fpl$fsub)
    __fpl_return_NaN                         0x0800609f   Thumb Code   100  retnan.o(x$fpl$retnan)
    __ARM_scalbn                             0x08006103   Thumb Code    92  scalbn.o(x$fpl$scalbn)
    __fpl_cmpreturn                          0x0800615f   Thumb Code    48  trapv.o(x$fpl$trapveneer)
    F6x8                                     0x0800618e   Data         552  oled.o(.constdata)
    __I$use$fp                               0x0800618e   Number         0  usenofp.o(x$fpl$usenofp)
    F8X16                                    0x080063b6   Data        1520  oled.o(.constdata)
    reg                                      0x080069a8   Data          27  inv_mpu.o(.constdata)
    hw                                       0x080069c4   Data          12  inv_mpu.o(.constdata)
    test                                     0x080069d0   Data          40  inv_mpu.o(.constdata)
    __mathlib_zero                           0x080076e8   Data           8  qnan.o(.constdata)
    Region$$Table$$Base                      0x08007740   Number         0  anon$$obj.o(Region$$Table)
    Region$$Table$$Limit                     0x08007760   Number         0  anon$$obj.o(Region$$Table)
    SystemCoreClock                          0x20000000   Data           4  system_stm32f10x.o(.data)
    AHBPrescTable                            0x20000004   Data          16  system_stm32f10x.o(.data)
    __stdout                                 0x2000002c   Data           4  usart.o(.data)
    USART_RX_STA                             0x20000030   Data           2  usart.o(.data)
    AdcValue                                 0x20000034   Data           4  adc.o(.data)
    Pitch                                    0x20000070   Data           4  control.o(.data)
    Roll                                     0x20000074   Data           4  control.o(.data)
    Yaw                                      0x20000078   Data           4  control.o(.data)
    aacx                                     0x2000007c   Data           2  control.o(.data)
    aacy                                     0x2000007e   Data           2  control.o(.data)
    aacz                                     0x20000080   Data           2  control.o(.data)
    gyrox                                    0x20000082   Data           2  control.o(.data)
    gyroy                                    0x20000084   Data           2  control.o(.data)
    gyroz                                    0x20000086   Data           2  control.o(.data)
    Vertical_out                             0x20000088   Data           4  control.o(.data)
    Velocity_out                             0x2000008c   Data           4  control.o(.data)
    PWM1                                     0x20000090   Data           4  control.o(.data)
    Encoder_Motor                            0x20000094   Data           4  control.o(.data)
    alpha                                    0x2000009c   Data           4  control.o(.data)
    Med_Angle                                0x200000a0   Data           4  control.o(.data)
    Vertical_Kp                              0x200000a4   Data           4  control.o(.data)
    Vertical_Kd                              0x200000a8   Data           4  control.o(.data)
    Distance                                 0x200000b0   Data           4  wave.o(.data)
    USART_RX_BUF                             0x200000b4   Data         200  usart.o(.bss)
    __libspace_start                         0x2000018c   Data          96  libspace.o(.bss)
    __temporary_stack_top$libspace           0x200001ec   Data           0  libspace.o(.bss)



==============================================================================

Memory Map of the image

  Image Entry point : 0x08000131

  Load Region LR_IROM1 (Base: 0x08000000, Size: 0x00007814, Max: 0x00010000, ABSOLUTE)

    Execution Region ER_IROM1 (Exec base: 0x08000000, Load base: 0x08000000, Size: 0x00007760, Max: 0x00010000, ABSOLUTE)

    Exec Addr    Load Addr    Size         Type   Attr      Idx    E Section Name        Object

    0x08000000   0x08000000   0x00000130   Data   RO          304    RESET               startup_stm32f10x_hd.o
    0x08000130   0x08000130   0x00000008   Code   RO         4538  * !!!main             c_w.l(__main.o)
    0x08000138   0x08000138   0x00000034   Code   RO         4867    !!!scatter          c_w.l(__scatter.o)
    0x0800016c   0x0800016c   0x0000001a   Code   RO         4869    !!handler_copy      c_w.l(__scatter_copy.o)
    0x08000186   0x08000186   0x00000002   PAD
    0x08000188   0x08000188   0x0000001c   Code   RO         4871    !!handler_zi        c_w.l(__scatter_zi.o)
    0x080001a4   0x080001a4   0x00000000   Code   RO         4531    .ARM.Collect$$_printf_percent$$00000000  c_w.l(_printf_percent.o)
    0x080001a4   0x080001a4   0x00000006   Code   RO         4530    .ARM.Collect$$_printf_percent$$00000009  c_w.l(_printf_d.o)
    0x080001aa   0x080001aa   0x00000004   Code   RO         4623    .ARM.Collect$$_printf_percent$$00000017  c_w.l(_printf_percent_end.o)
    0x080001ae   0x080001ae   0x00000002   Code   RO         4734    .ARM.Collect$$libinit$$00000000  c_w.l(libinit.o)
    0x080001b0   0x080001b0   0x00000000   Code   RO         4744    .ARM.Collect$$libinit$$00000002  c_w.l(libinit2.o)
    0x080001b0   0x080001b0   0x00000000   Code   RO         4746    .ARM.Collect$$libinit$$00000004  c_w.l(libinit2.o)
    0x080001b0   0x080001b0   0x00000000   Code   RO         4749    .ARM.Collect$$libinit$$0000000A  c_w.l(libinit2.o)
    0x080001b0   0x080001b0   0x00000000   Code   RO         4751    .ARM.Collect$$libinit$$0000000C  c_w.l(libinit2.o)
    0x080001b0   0x080001b0   0x00000000   Code   RO         4753    .ARM.Collect$$libinit$$0000000E  c_w.l(libinit2.o)
    0x080001b0   0x080001b0   0x00000000   Code   RO         4756    .ARM.Collect$$libinit$$00000011  c_w.l(libinit2.o)
    0x080001b0   0x080001b0   0x00000000   Code   RO         4758    .ARM.Collect$$libinit$$00000013  c_w.l(libinit2.o)
    0x080001b0   0x080001b0   0x00000000   Code   RO         4760    .ARM.Collect$$libinit$$00000015  c_w.l(libinit2.o)
    0x080001b0   0x080001b0   0x00000000   Code   RO         4762    .ARM.Collect$$libinit$$00000017  c_w.l(libinit2.o)
    0x080001b0   0x080001b0   0x00000000   Code   RO         4764    .ARM.Collect$$libinit$$00000019  c_w.l(libinit2.o)
    0x080001b0   0x080001b0   0x00000000   Code   RO         4766    .ARM.Collect$$libinit$$0000001B  c_w.l(libinit2.o)
    0x080001b0   0x080001b0   0x00000000   Code   RO         4768    .ARM.Collect$$libinit$$0000001D  c_w.l(libinit2.o)
    0x080001b0   0x080001b0   0x00000000   Code   RO         4770    .ARM.Collect$$libinit$$0000001F  c_w.l(libinit2.o)
    0x080001b0   0x080001b0   0x00000000   Code   RO         4772    .ARM.Collect$$libinit$$00000021  c_w.l(libinit2.o)
    0x080001b0   0x080001b0   0x00000000   Code   RO         4774    .ARM.Collect$$libinit$$00000023  c_w.l(libinit2.o)
    0x080001b0   0x080001b0   0x00000000   Code   RO         4776    .ARM.Collect$$libinit$$00000025  c_w.l(libinit2.o)
    0x080001b0   0x080001b0   0x00000000   Code   RO         4780    .ARM.Collect$$libinit$$0000002C  c_w.l(libinit2.o)
    0x080001b0   0x080001b0   0x00000000   Code   RO         4782    .ARM.Collect$$libinit$$0000002E  c_w.l(libinit2.o)
    0x080001b0   0x080001b0   0x00000000   Code   RO         4784    .ARM.Collect$$libinit$$00000030  c_w.l(libinit2.o)
    0x080001b0   0x080001b0   0x00000000   Code   RO         4786    .ARM.Collect$$libinit$$00000032  c_w.l(libinit2.o)
    0x080001b0   0x080001b0   0x00000002   Code   RO         4787    .ARM.Collect$$libinit$$00000033  c_w.l(libinit2.o)
    0x080001b2   0x080001b2   0x00000002   Code   RO         4817    .ARM.Collect$$libshutdown$$00000000  c_w.l(libshutdown.o)
    0x080001b4   0x080001b4   0x00000000   Code   RO         4831    .ARM.Collect$$libshutdown$$00000002  c_w.l(libshutdown2.o)
    0x080001b4   0x080001b4   0x00000000   Code   RO         4833    .ARM.Collect$$libshutdown$$00000004  c_w.l(libshutdown2.o)
    0x080001b4   0x080001b4   0x00000000   Code   RO         4835    .ARM.Collect$$libshutdown$$00000006  c_w.l(libshutdown2.o)
    0x080001b4   0x080001b4   0x00000000   Code   RO         4838    .ARM.Collect$$libshutdown$$00000009  c_w.l(libshutdown2.o)
    0x080001b4   0x080001b4   0x00000000   Code   RO         4841    .ARM.Collect$$libshutdown$$0000000C  c_w.l(libshutdown2.o)
    0x080001b4   0x080001b4   0x00000000   Code   RO         4843    .ARM.Collect$$libshutdown$$0000000E  c_w.l(libshutdown2.o)
    0x080001b4   0x080001b4   0x00000000   Code   RO         4846    .ARM.Collect$$libshutdown$$00000011  c_w.l(libshutdown2.o)
    0x080001b4   0x080001b4   0x00000002   Code   RO         4847    .ARM.Collect$$libshutdown$$00000012  c_w.l(libshutdown2.o)
    0x080001b6   0x080001b6   0x00000000   Code   RO         4614    .ARM.Collect$$rtentry$$00000000  c_w.l(__rtentry.o)
    0x080001b6   0x080001b6   0x00000000   Code   RO         4679    .ARM.Collect$$rtentry$$00000002  c_w.l(__rtentry2.o)
    0x080001b6   0x080001b6   0x00000006   Code   RO         4691    .ARM.Collect$$rtentry$$00000004  c_w.l(__rtentry4.o)
    0x080001bc   0x080001bc   0x00000000   Code   RO         4681    .ARM.Collect$$rtentry$$00000009  c_w.l(__rtentry2.o)
    0x080001bc   0x080001bc   0x00000004   Code   RO         4682    .ARM.Collect$$rtentry$$0000000A  c_w.l(__rtentry2.o)
    0x080001c0   0x080001c0   0x00000000   Code   RO         4684    .ARM.Collect$$rtentry$$0000000C  c_w.l(__rtentry2.o)
    0x080001c0   0x080001c0   0x00000008   Code   RO         4685    .ARM.Collect$$rtentry$$0000000D  c_w.l(__rtentry2.o)
    0x080001c8   0x080001c8   0x00000002   Code   RO         4737    .ARM.Collect$$rtexit$$00000000  c_w.l(rtexit.o)
    0x080001ca   0x080001ca   0x00000000   Code   RO         4791    .ARM.Collect$$rtexit$$00000002  c_w.l(rtexit2.o)
    0x080001ca   0x080001ca   0x00000004   Code   RO         4792    .ARM.Collect$$rtexit$$00000003  c_w.l(rtexit2.o)
    0x080001ce   0x080001ce   0x00000006   Code   RO         4793    .ARM.Collect$$rtexit$$00000004  c_w.l(rtexit2.o)
    0x080001d4   0x080001d4   0x00000040   Code   RO          305    .text               startup_stm32f10x_hd.o
    0x08000214   0x08000214   0x00000002   Code   RO         4474    .text               c_w.l(use_no_semi_2.o)
    0x08000216   0x08000216   0x00000002   PAD
    0x08000218   0x08000218   0x00000018   Code   RO         4480    .text               c_w.l(noretval__2printf.o)
    0x08000230   0x08000230   0x00000078   Code   RO         4486    .text               c_w.l(_printf_dec.o)
    0x080002a8   0x080002a8   0x00000138   Code   RO         4521    .text               c_w.l(__printf_flags_wp.o)
    0x080003e0   0x080003e0   0x00000058   Code   RO         4532    .text               c_w.l(memcmp.o)
    0x08000438   0x08000438   0x00000010   Code   RO         4534    .text               c_w.l(aeabi_memset.o)
    0x08000448   0x08000448   0x00000006   Code   RO         4536    .text               c_w.l(heapauxi.o)
    0x0800044e   0x0800044e   0x00000002   Code   RO         4612    .text               c_w.l(use_no_semi.o)
    0x08000450   0x08000450   0x00000016   Code   RO         4617    .text               c_w.l(_rserrno.o)
    0x08000466   0x08000466   0x000000b2   Code   RO         4619    .text               c_w.l(_printf_intcommon.o)
    0x08000518   0x08000518   0x00000024   Code   RO         4621    .text               c_w.l(_printf_char_file.o)
    0x0800053c   0x0800053c   0x00000044   Code   RO         4624    .text               c_w.l(rt_memclr.o)
    0x08000580   0x08000580   0x00000008   Code   RO         4700    .text               c_w.l(rt_errno_addr_intlibspace.o)
    0x08000588   0x08000588   0x00000030   Code   RO         4702    .text               c_w.l(_printf_char_common.o)
    0x080005b8   0x080005b8   0x00000008   Code   RO         4704    .text               c_w.l(ferror.o)
    0x080005c0   0x080005c0   0x0000004e   Code   RO         4708    .text               c_w.l(rt_memclr_w.o)
    0x0800060e   0x0800060e   0x00000002   PAD
    0x08000610   0x08000610   0x00000008   Code   RO         4718    .text               c_w.l(libspace.o)
    0x08000618   0x08000618   0x0000004a   Code   RO         4721    .text               c_w.l(sys_stackheap_outer.o)
    0x08000662   0x08000662   0x00000012   Code   RO         4727    .text               c_w.l(exit.o)
    0x08000674   0x08000674   0x00000016   Code   RO          351    i.ADC_Cmd           stm32f10x_adc.o
    0x0800068a   0x0800068a   0x00000002   PAD
    0x0800068c   0x0800068c   0x0000005c   Code   RO          353    i.ADC_DeInit        stm32f10x_adc.o
    0x080006e8   0x080006e8   0x00000014   Code   RO          359    i.ADC_GetCalibrationStatus  stm32f10x_adc.o
    0x080006fc   0x080006fc   0x00000008   Code   RO          360    i.ADC_GetConversionValue  stm32f10x_adc.o
    0x08000704   0x08000704   0x00000012   Code   RO          362    i.ADC_GetFlagStatus  stm32f10x_adc.o
    0x08000716   0x08000716   0x00000014   Code   RO          365    i.ADC_GetResetCalibrationStatus  stm32f10x_adc.o
    0x0800072a   0x0800072a   0x00000002   PAD
    0x0800072c   0x0800072c   0x00000050   Code   RO          369    i.ADC_Init          stm32f10x_adc.o
    0x0800077c   0x0800077c   0x000000b8   Code   RO          373    i.ADC_RegularChannelConfig  stm32f10x_adc.o
    0x08000834   0x08000834   0x0000000a   Code   RO          374    i.ADC_ResetCalibration  stm32f10x_adc.o
    0x0800083e   0x0800083e   0x00000016   Code   RO          376    i.ADC_SoftwareStartConvCmd  stm32f10x_adc.o
    0x08000854   0x08000854   0x0000000a   Code   RO          378    i.ADC_StartCalibration  stm32f10x_adc.o
    0x0800085e   0x0800085e   0x00000002   PAD
    0x08000860   0x08000860   0x00000028   Code   RO         3588    i.Backward          motor.o
    0x08000888   0x08000888   0x0000002c   Code   RO         4421    i.Beep_Init         beep.o
    0x080008b4   0x080008b4   0x00000004   Code   RO          168    i.BusFault_Handler  stm32f10x_it.o
    0x080008b8   0x080008b8   0x00000002   Code   RO          169    i.DebugMon_Handler  stm32f10x_it.o
    0x080008ba   0x080008ba   0x00000002   PAD
    0x080008bc   0x080008bc   0x00000070   Code   RO         4437    i.EXTI15_10_IRQHandler  wave.o
    0x0800092c   0x0800092c   0x00000138   Code   RO         4341    i.EXTI9_5_IRQHandler  control.o
    0x08000a64   0x08000a64   0x0000000c   Code   RO         1107    i.EXTI_ClearITPendingBit  stm32f10x_exti.o
    0x08000a70   0x08000a70   0x00000028   Code   RO         1111    i.EXTI_GetITStatus  stm32f10x_exti.o
    0x08000a98   0x08000a98   0x00000094   Code   RO         1112    i.EXTI_Init         stm32f10x_exti.o
    0x08000b2c   0x08000b2c   0x0000007c   Code   RO         3563    i.Encoder_Init_TIM4  encoder.o
    0x08000ba8   0x08000ba8   0x00000028   Code   RO         3589    i.Forward           motor.o
    0x08000bd0   0x08000bd0   0x00000040   Code   RO         1457    i.GPIO_EXTILineConfig  stm32f10x_gpio.o
    0x08000c10   0x08000c10   0x00000116   Code   RO         1460    i.GPIO_Init         stm32f10x_gpio.o
    0x08000d26   0x08000d26   0x00000002   PAD
    0x08000d28   0x08000d28   0x00000090   Code   RO         1462    i.GPIO_PinRemapConfig  stm32f10x_gpio.o
    0x08000db8   0x08000db8   0x00000012   Code   RO         1464    i.GPIO_ReadInputDataBit  stm32f10x_gpio.o
    0x08000dca   0x08000dca   0x00000004   Code   RO         1467    i.GPIO_ResetBits    stm32f10x_gpio.o
    0x08000dce   0x08000dce   0x00000004   Code   RO         1468    i.GPIO_SetBits      stm32f10x_gpio.o
    0x08000dd2   0x08000dd2   0x00000002   PAD
    0x08000dd4   0x08000dd4   0x00000034   Code   RO         3525    i.Get_adc           adc.o
    0x08000e08   0x08000e08   0x00000044   Code   RO         3526    i.Get_adc_Average   adc.o
    0x08000e4c   0x08000e4c   0x00000004   Code   RO          170    i.HardFault_Handler  stm32f10x_it.o
    0x08000e50   0x08000e50   0x00000030   Code   RO         3369    i.IIC_Start         oled.o
    0x08000e80   0x08000e80   0x00000028   Code   RO         3370    i.IIC_Stop          oled.o
    0x08000ea8   0x08000ea8   0x0000001c   Code   RO         3371    i.IIC_Wait_Ack      oled.o
    0x08000ec4   0x08000ec4   0x0000002c   Code   RO         3596    i.MOTOR_2_Init      motor.o
    0x08000ef0   0x08000ef0   0x00000050   Code   RO         4370    i.MPU6050_EXTI_Init  exti.o
    0x08000f40   0x08000f40   0x00000050   Code   RO         3680    i.MPU_Get_Accelerometer  mpu6050.o
    0x08000f90   0x08000f90   0x00000050   Code   RO         3681    i.MPU_Get_Gyroscope  mpu6050.o
    0x08000fe0   0x08000fe0   0x0000004c   Code   RO         3762    i.MPU_IIC_Ack       mpuiic.o
    0x0800102c   0x0800102c   0x0000000a   Code   RO         3763    i.MPU_IIC_Delay     mpuiic.o
    0x08001036   0x08001036   0x00000002   PAD
    0x08001038   0x08001038   0x00000040   Code   RO         3764    i.MPU_IIC_Init      mpuiic.o
    0x08001078   0x08001078   0x0000004c   Code   RO         3765    i.MPU_IIC_NAck      mpuiic.o
    0x080010c4   0x080010c4   0x0000006c   Code   RO         3766    i.MPU_IIC_Read_Byte  mpuiic.o
    0x08001130   0x08001130   0x0000005c   Code   RO         3767    i.MPU_IIC_Send_Byte  mpuiic.o
    0x0800118c   0x0800118c   0x00000048   Code   RO         3768    i.MPU_IIC_Start     mpuiic.o
    0x080011d4   0x080011d4   0x00000048   Code   RO         3769    i.MPU_IIC_Stop      mpuiic.o
    0x0800121c   0x0800121c   0x00000064   Code   RO         3770    i.MPU_IIC_Wait_Ack  mpuiic.o
    0x08001280   0x08001280   0x0000007a   Code   RO         3683    i.MPU_Init          mpu6050.o
    0x080012fa   0x080012fa   0x0000003a   Code   RO         3684    i.MPU_Read_Byte     mpu6050.o
    0x08001334   0x08001334   0x00000074   Code   RO         3685    i.MPU_Read_Len      mpu6050.o
    0x080013a8   0x080013a8   0x00000010   Code   RO         3686    i.MPU_Set_Accel_Fsr  mpu6050.o
    0x080013b8   0x080013b8   0x00000010   Code   RO         3687    i.MPU_Set_Gyro_Fsr  mpu6050.o
    0x080013c8   0x080013c8   0x0000003a   Code   RO         3688    i.MPU_Set_LPF       mpu6050.o
    0x08001402   0x08001402   0x0000003a   Code   RO         3689    i.MPU_Set_Rate      mpu6050.o
    0x0800143c   0x0800143c   0x00000044   Code   RO         3690    i.MPU_Write_Byte    mpu6050.o
    0x08001480   0x08001480   0x00000060   Code   RO         3691    i.MPU_Write_Len     mpu6050.o
    0x080014e0   0x080014e0   0x00000004   Code   RO          171    i.MemManage_Handler  stm32f10x_it.o
    0x080014e4   0x080014e4   0x00000002   Code   RO          172    i.NMI_Handler       stm32f10x_it.o
    0x080014e6   0x080014e6   0x00000046   Code   RO         3306    i.NVIC_Config       sys.o
    0x0800152c   0x0800152c   0x00000070   Code   RO          309    i.NVIC_Init         misc.o
    0x0800159c   0x0800159c   0x00000014   Code   RO          310    i.NVIC_PriorityGroupConfig  misc.o
    0x080015b0   0x080015b0   0x0000003e   Code   RO         3372    i.OLED_Clear        oled.o
    0x080015ee   0x080015ee   0x00000002   PAD
    0x080015f0   0x080015f0   0x00000118   Code   RO         3376    i.OLED_Init         oled.o
    0x08001708   0x08001708   0x00000028   Code   RO         3378    i.OLED_Set_Pos      oled.o
    0x08001730   0x08001730   0x000000a4   Code   RO         3380    i.OLED_ShowChar     oled.o
    0x080017d4   0x080017d4   0x0000003a   Code   RO         3382    i.OLED_ShowString   oled.o
    0x0800180e   0x0800180e   0x00000002   PAD
    0x08001810   0x08001810   0x0000018c   Code   RO         3383    i.OLED_Showdecimal  oled.o
    0x0800199c   0x0800199c   0x00000018   Code   RO         3384    i.OLED_WR_Byte      oled.o
    0x080019b4   0x080019b4   0x00000094   Code   RO         4387    i.PWM_Init_TIM2     pwm.o
    0x08001a48   0x08001a48   0x000000c0   Code   RO         4388    i.PWM_Init_TIM3     pwm.o
    0x08001b08   0x08001b08   0x00000002   Code   RO          173    i.PendSV_Handler    stm32f10x_it.o
    0x08001b0a   0x08001b0a   0x00000002   PAD
    0x08001b0c   0x08001b0c   0x00000018   Code   RO         1874    i.RCC_ADCCLKConfig  stm32f10x_rcc.o
    0x08001b24   0x08001b24   0x00000020   Code   RO         1876    i.RCC_APB1PeriphClockCmd  stm32f10x_rcc.o
    0x08001b44   0x08001b44   0x00000020   Code   RO         1878    i.RCC_APB2PeriphClockCmd  stm32f10x_rcc.o
    0x08001b64   0x08001b64   0x00000020   Code   RO         1879    i.RCC_APB2PeriphResetCmd  stm32f10x_rcc.o
    0x08001b84   0x08001b84   0x000000d4   Code   RO         1886    i.RCC_GetClocksFreq  stm32f10x_rcc.o
    0x08001c58   0x08001c58   0x0000001c   Code   RO         3564    i.Read_Encoder_TIM4  encoder.o
    0x08001c74   0x08001c74   0x00000002   Code   RO          174    i.SVC_Handler       stm32f10x_it.o
    0x08001c76   0x08001c76   0x00000008   Code   RO          257    i.SetSysClock       system_stm32f10x.o
    0x08001c7e   0x08001c7e   0x00000002   PAD
    0x08001c80   0x08001c80   0x000000e0   Code   RO          258    i.SetSysClockTo72   system_stm32f10x.o
    0x08001d60   0x08001d60   0x00000018   Code   RO         3599    i.Stopped           motor.o
    0x08001d78   0x08001d78   0x00000028   Code   RO          313    i.SysTick_CLKSourceConfig  misc.o
    0x08001da0   0x08001da0   0x00000002   Code   RO          175    i.SysTick_Handler   stm32f10x_it.o
    0x08001da2   0x08001da2   0x00000002   PAD
    0x08001da4   0x08001da4   0x00000060   Code   RO          260    i.SystemInit        system_stm32f10x.o
    0x08001e04   0x08001e04   0x00000080   Code   RO         2494    i.TI1_Config        stm32f10x_tim.o
    0x08001e84   0x08001e84   0x00000098   Code   RO         2495    i.TI2_Config        stm32f10x_tim.o
    0x08001f1c   0x08001f1c   0x00000090   Code   RO         2496    i.TI3_Config        stm32f10x_tim.o
    0x08001fac   0x08001fac   0x00000098   Code   RO         2497    i.TI4_Config        stm32f10x_tim.o
    0x08002044   0x08002044   0x00000080   Code   RO         4389    i.TIM2_IRQHandler   pwm.o
    0x080020c4   0x080020c4   0x00000018   Code   RO         2498    i.TIM_ARRPreloadConfig  stm32f10x_tim.o
    0x080020dc   0x080020dc   0x00000006   Code   RO         2505    i.TIM_ClearITPendingBit  stm32f10x_tim.o
    0x080020e2   0x080020e2   0x00000018   Code   RO         2510    i.TIM_Cmd           stm32f10x_tim.o
    0x080020fa   0x080020fa   0x00000042   Code   RO         2519    i.TIM_EncoderInterfaceConfig  stm32f10x_tim.o
    0x0800213c   0x0800213c   0x00000006   Code   RO         2529    i.TIM_GetCounter    stm32f10x_tim.o
    0x08002142   0x08002142   0x00000022   Code   RO         2531    i.TIM_GetITStatus   stm32f10x_tim.o
    0x08002164   0x08002164   0x000000ac   Code   RO         2533    i.TIM_ICInit        stm32f10x_tim.o
    0x08002210   0x08002210   0x00000012   Code   RO         2534    i.TIM_ICStructInit  stm32f10x_tim.o
    0x08002222   0x08002222   0x00000002   PAD
    0x08002224   0x08002224   0x00000098   Code   RO         2539    i.TIM_OC1Init       stm32f10x_tim.o
    0x080022bc   0x080022bc   0x00000012   Code   RO         2542    i.TIM_OC1PreloadConfig  stm32f10x_tim.o
    0x080022ce   0x080022ce   0x00000002   PAD
    0x080022d0   0x080022d0   0x000000a4   Code   RO         2544    i.TIM_OC2Init       stm32f10x_tim.o
    0x08002374   0x08002374   0x0000001a   Code   RO         2547    i.TIM_OC2PreloadConfig  stm32f10x_tim.o
    0x0800238e   0x0800238e   0x00000002   PAD
    0x08002390   0x08002390   0x000000a0   Code   RO         2549    i.TIM_OC3Init       stm32f10x_tim.o
    0x08002430   0x08002430   0x00000012   Code   RO         2552    i.TIM_OC3PreloadConfig  stm32f10x_tim.o
    0x08002442   0x08002442   0x00000004   Code   RO         2571    i.TIM_SetCompare1   stm32f10x_tim.o
    0x08002446   0x08002446   0x00000004   Code   RO         2573    i.TIM_SetCompare3   stm32f10x_tim.o
    0x0800244a   0x0800244a   0x00000004   Code   RO         2575    i.TIM_SetCounter    stm32f10x_tim.o
    0x0800244e   0x0800244e   0x00000012   Code   RO         2576    i.TIM_SetIC1Prescaler  stm32f10x_tim.o
    0x08002460   0x08002460   0x0000001a   Code   RO         2577    i.TIM_SetIC2Prescaler  stm32f10x_tim.o
    0x0800247a   0x0800247a   0x00000012   Code   RO         2578    i.TIM_SetIC3Prescaler  stm32f10x_tim.o
    0x0800248c   0x0800248c   0x0000001a   Code   RO         2579    i.TIM_SetIC4Prescaler  stm32f10x_tim.o
    0x080024a6   0x080024a6   0x00000002   PAD
    0x080024a8   0x080024a8   0x000000a4   Code   RO         2581    i.TIM_TimeBaseInit  stm32f10x_tim.o
    0x0800254c   0x0800254c   0x000000e8   Code   RO         3322    i.USART3_IRQHandler  usart.o
    0x08002634   0x08002634   0x0000001e   Code   RO         3043    i.USART_ClearITPendingBit  stm32f10x_usart.o
    0x08002652   0x08002652   0x00000018   Code   RO         3046    i.USART_Cmd         stm32f10x_usart.o
    0x0800266a   0x0800266a   0x00000054   Code   RO         3050    i.USART_GetITStatus  stm32f10x_usart.o
    0x080026be   0x080026be   0x0000004a   Code   RO         3052    i.USART_ITConfig    stm32f10x_usart.o
    0x08002708   0x08002708   0x000000d8   Code   RO         3053    i.USART_Init        stm32f10x_usart.o
    0x080027e0   0x080027e0   0x0000000a   Code   RO         3060    i.USART_ReceiveData  stm32f10x_usart.o
    0x080027ea   0x080027ea   0x00000004   Code   RO          176    i.UsageFault_Handler  stm32f10x_it.o
    0x080027ee   0x080027ee   0x00000002   PAD
    0x080027f0   0x080027f0   0x00000048   Code   RO         4342    i.Vertical          control.o
    0x08002838   0x08002838   0x0000005c   Code   RO         3385    i.Write_IIC_Byte    oled.o
    0x08002894   0x08002894   0x0000002c   Code   RO         3386    i.Write_IIC_Command  oled.o
    0x080028c0   0x080028c0   0x0000002c   Code   RO         3387    i.Write_IIC_Data    oled.o
    0x080028ec   0x080028ec   0x00000028   Code   RO         4665    i.__ARM_fpclassify  m_ws.l(fpclassify.o)
    0x08002914   0x08002914   0x000000aa   Code   RO         4667    i.__kernel_poly     m_ws.l(poly.o)
    0x080029be   0x080029be   0x00000006   Code   RO         4652    i.__mathlib_dbl_infnan  m_ws.l(dunder.o)
    0x080029c4   0x080029c4   0x00000004   Code   RO         4653    i.__mathlib_dbl_infnan2  m_ws.l(dunder.o)
    0x080029c8   0x080029c8   0x0000000c   Code   RO         4654    i.__mathlib_dbl_invalid  m_ws.l(dunder.o)
    0x080029d4   0x080029d4   0x00000010   Code   RO         4657    i.__mathlib_dbl_underflow  m_ws.l(dunder.o)
    0x080029e4   0x080029e4   0x0000000e   Code   RO         4519    i._is_digit         c_w.l(__printf_wp.o)
    0x080029f2   0x080029f2   0x00000004   Code   RO         3323    i._sys_exit         usart.o
    0x080029f6   0x080029f6   0x00000002   PAD
    0x080029f8   0x080029f8   0x0000009c   Code   RO         3527    i.adc_Init          adc.o
    0x08002a94   0x08002a94   0x00000270   Code   RO         4595    i.asin              m_ws.l(asin.o)
    0x08002d04   0x08002d04   0x00000220   Code   RO         4642    i.atan              m_ws.l(atan.o)
    0x08002f24   0x08002f24   0x0000019c   Code   RO         4605    i.atan2             m_ws.l(atan2.o)
    0x080030c0   0x080030c0   0x00000064   Code   RO         4155    i.decode_gesture    inv_mpu_dmp_motion_driver.o
    0x08003124   0x08003124   0x00000044   Code   RO         3276    i.delay_init        delay.o
    0x08003168   0x08003168   0x0000004c   Code   RO         3277    i.delay_ms          delay.o
    0x080031b4   0x080031b4   0x0000004c   Code   RO         3278    i.delay_us          delay.o
    0x08003200   0x08003200   0x0000003c   Code   RO         4156    i.dmp_enable_6x_lp_quat  inv_mpu_dmp_motion_driver.o
    0x0800323c   0x0800323c   0x0000021c   Code   RO         4157    i.dmp_enable_feature  inv_mpu_dmp_motion_driver.o
    0x08003458   0x08003458   0x00000058   Code   RO         4158    i.dmp_enable_gyro_cal  inv_mpu_dmp_motion_driver.o
    0x080034b0   0x080034b0   0x0000003c   Code   RO         4159    i.dmp_enable_lp_quat  inv_mpu_dmp_motion_driver.o
    0x080034ec   0x080034ec   0x00000018   Code   RO         4164    i.dmp_load_motion_driver_firmware  inv_mpu_dmp_motion_driver.o
    0x08003504   0x08003504   0x000001cc   Code   RO         4165    i.dmp_read_fifo     inv_mpu_dmp_motion_driver.o
    0x080036d0   0x080036d0   0x00000070   Code   RO         4169    i.dmp_set_fifo_rate  inv_mpu_dmp_motion_driver.o
    0x08003740   0x08003740   0x00000138   Code   RO         4172    i.dmp_set_orientation  inv_mpu_dmp_motion_driver.o
    0x08003878   0x08003878   0x00000038   Code   RO         4175    i.dmp_set_shake_reject_thresh  inv_mpu_dmp_motion_driver.o
    0x080038b0   0x080038b0   0x00000026   Code   RO         4176    i.dmp_set_shake_reject_time  inv_mpu_dmp_motion_driver.o
    0x080038d6   0x080038d6   0x00000026   Code   RO         4177    i.dmp_set_shake_reject_timeout  inv_mpu_dmp_motion_driver.o
    0x080038fc   0x080038fc   0x00000046   Code   RO         4178    i.dmp_set_tap_axes  inv_mpu_dmp_motion_driver.o
    0x08003942   0x08003942   0x00000026   Code   RO         4179    i.dmp_set_tap_count  inv_mpu_dmp_motion_driver.o
    0x08003968   0x08003968   0x000001a0   Code   RO         4180    i.dmp_set_tap_thresh  inv_mpu_dmp_motion_driver.o
    0x08003b08   0x08003b08   0x00000026   Code   RO         4181    i.dmp_set_tap_time  inv_mpu_dmp_motion_driver.o
    0x08003b2e   0x08003b2e   0x00000026   Code   RO         4182    i.dmp_set_tap_time_multi  inv_mpu_dmp_motion_driver.o
    0x08003b54   0x08003b54   0x0000001c   Code   RO         3324    i.fputc             usart.o
    0x08003b70   0x08003b70   0x00000028   Code   RO         3830    i.inv_orientation_matrix_to_scalar  inv_mpu.o
    0x08003b98   0x08003b98   0x0000004e   Code   RO         3831    i.inv_row_2_scale   inv_mpu.o
    0x08003be6   0x08003be6   0x00000002   PAD
    0x08003be8   0x08003be8   0x000001dc   Code   RO            1    i.main              main.o
    0x08003dc4   0x08003dc4   0x00000002   Code   RO         3832    i.mget_ms           inv_mpu.o
    0x08003dc6   0x08003dc6   0x00000002   PAD
    0x08003dc8   0x08003dc8   0x00000070   Code   RO         3833    i.mpu_configure_fifo  inv_mpu.o
    0x08003e38   0x08003e38   0x00000224   Code   RO         3834    i.mpu_dmp_get_data  inv_mpu.o
    0x0800405c   0x0800405c   0x00000094   Code   RO         3835    i.mpu_dmp_init      inv_mpu.o
    0x080040f0   0x080040f0   0x0000004c   Code   RO         3836    i.mpu_get_accel_fsr  inv_mpu.o
    0x0800413c   0x0800413c   0x000001f0   Code   RO         3852    i.mpu_init          inv_mpu.o
    0x0800432c   0x0800432c   0x000000b8   Code   RO         3853    i.mpu_load_firmware  inv_mpu.o
    0x080043e4   0x080043e4   0x000000e0   Code   RO         3854    i.mpu_lp_accel_mode  inv_mpu.o
    0x080044c4   0x080044c4   0x000000c0   Code   RO         3857    i.mpu_read_fifo_stream  inv_mpu.o
    0x08004584   0x08004584   0x00000080   Code   RO         3858    i.mpu_read_mem      inv_mpu.o
    0x08004604   0x08004604   0x000001c8   Code   RO         3861    i.mpu_reset_fifo    inv_mpu.o
    0x080047cc   0x080047cc   0x00000084   Code   RO         3864    i.mpu_set_accel_fsr  inv_mpu.o
    0x08004850   0x08004850   0x0000014c   Code   RO         3865    i.mpu_set_bypass    inv_mpu.o
    0x0800499c   0x0800499c   0x00000090   Code   RO         3867    i.mpu_set_dmp_state  inv_mpu.o
    0x08004a2c   0x08004a2c   0x00000088   Code   RO         3868    i.mpu_set_gyro_fsr  inv_mpu.o
    0x08004ab4   0x08004ab4   0x0000006c   Code   RO         3869    i.mpu_set_int_latched  inv_mpu.o
    0x08004b20   0x08004b20   0x00000084   Code   RO         3871    i.mpu_set_lpf       inv_mpu.o
    0x08004ba4   0x08004ba4   0x0000009c   Code   RO         3872    i.mpu_set_sample_rate  inv_mpu.o
    0x08004c40   0x08004c40   0x000000d0   Code   RO         3873    i.mpu_set_sensors   inv_mpu.o
    0x08004d10   0x08004d10   0x00000080   Code   RO         3874    i.mpu_write_mem     inv_mpu.o
    0x08004d90   0x08004d90   0x00000016   Code   RO         3389    i.oled_pow          oled.o
    0x08004da6   0x08004da6   0x00000002   PAD
    0x08004da8   0x08004da8   0x00000090   Code   RO         3876    i.set_int_enable    inv_mpu.o
    0x08004e38   0x08004e38   0x0000004c   Code   RO         4671    i.sqrt              m_ws.l(sqrt.o)
    0x08004e84   0x08004e84   0x00000088   Code   RO         3325    i.uart3_init        usart.o
    0x08004f0c   0x08004f0c   0x00000062   Code   RO         4540    x$fpl$d2f           fz_ws.l(d2f.o)
    0x08004f6e   0x08004f6e   0x00000002   PAD
    0x08004f70   0x08004f70   0x00000150   Code   RO         4542    x$fpl$dadd          fz_ws.l(daddsub_clz.o)
    0x080050c0   0x080050c0   0x00000010   Code   RO         4710    x$fpl$dcheck1       fz_ws.l(dcheck1.o)
    0x080050d0   0x080050d0   0x00000018   Code   RO         4712    x$fpl$dcmpinf       fz_ws.l(dcmpi.o)
    0x080050e8   0x080050e8   0x000002b0   Code   RO         4549    x$fpl$ddiv          fz_ws.l(ddiv.o)
    0x08005398   0x08005398   0x00000078   Code   RO         4626    x$fpl$deqf          fz_ws.l(deqf.o)
    0x08005410   0x08005410   0x0000002e   Code   RO         4553    x$fpl$dflt          fz_ws.l(dflt_clz.o)
    0x0800543e   0x0800543e   0x00000026   Code   RO         4552    x$fpl$dfltu         fz_ws.l(dflt_clz.o)
    0x08005464   0x08005464   0x00000154   Code   RO         4558    x$fpl$dmul          fz_ws.l(dmul.o)
    0x080055b8   0x080055b8   0x0000009c   Code   RO         4628    x$fpl$dnaninf       fz_ws.l(dnaninf.o)
    0x08005654   0x08005654   0x0000000c   Code   RO         4630    x$fpl$dretinf       fz_ws.l(dretinf.o)
    0x08005660   0x08005660   0x00000016   Code   RO         4543    x$fpl$drsb          fz_ws.l(daddsub_clz.o)
    0x08005676   0x08005676   0x00000002   PAD
    0x08005678   0x08005678   0x000001cc   Code   RO         4716    x$fpl$dsqrt         fz_ws.l(dsqrt_noumaal.o)
    0x08005844   0x08005844   0x000001d4   Code   RO         4544    x$fpl$dsub          fz_ws.l(daddsub_clz.o)
    0x08005a18   0x08005a18   0x00000056   Code   RO         4560    x$fpl$f2d           fz_ws.l(f2d.o)
    0x08005a6e   0x08005a6e   0x00000002   PAD
    0x08005a70   0x08005a70   0x000000c4   Code   RO         4562    x$fpl$fadd          fz_ws.l(faddsub_clz.o)
    0x08005b34   0x08005b34   0x00000018   Code   RO         4632    x$fpl$fcmpinf       fz_ws.l(fcmpi.o)
    0x08005b4c   0x08005b4c   0x00000184   Code   RO         4569    x$fpl$fdiv          fz_ws.l(fdiv.o)
    0x08005cd0   0x08005cd0   0x00000036   Code   RO         4574    x$fpl$ffix          fz_ws.l(ffix.o)
    0x08005d06   0x08005d06   0x00000002   PAD
    0x08005d08   0x08005d08   0x0000003e   Code   RO         4578    x$fpl$ffixu         fz_ws.l(ffixu.o)
    0x08005d46   0x08005d46   0x00000002   PAD
    0x08005d48   0x08005d48   0x00000030   Code   RO         4583    x$fpl$fflt          fz_ws.l(fflt_clz.o)
    0x08005d78   0x08005d78   0x00000026   Code   RO         4582    x$fpl$ffltu         fz_ws.l(fflt_clz.o)
    0x08005d9e   0x08005d9e   0x00000002   PAD
    0x08005da0   0x08005da0   0x00000068   Code   RO         4588    x$fpl$fleqf         fz_ws.l(fleqf.o)
    0x08005e08   0x08005e08   0x00000102   Code   RO         4590    x$fpl$fmul          fz_ws.l(fmul.o)
    0x08005f0a   0x08005f0a   0x0000008c   Code   RO         4634    x$fpl$fnaninf       fz_ws.l(fnaninf.o)
    0x08005f96   0x08005f96   0x0000000a   Code   RO         4636    x$fpl$fretinf       fz_ws.l(fretinf.o)
    0x08005fa0   0x08005fa0   0x00000014   Code   RO         4563    x$fpl$frsb          fz_ws.l(faddsub_clz.o)
    0x08005fb4   0x08005fb4   0x000000ea   Code   RO         4564    x$fpl$fsub          fz_ws.l(faddsub_clz.o)
    0x0800609e   0x0800609e   0x00000064   Code   RO         4735    x$fpl$retnan        fz_ws.l(retnan.o)
    0x08006102   0x08006102   0x0000005c   Code   RO         4638    x$fpl$scalbn        fz_ws.l(scalbn.o)
    0x0800615e   0x0800615e   0x00000030   Code   RO         4788    x$fpl$trapveneer    fz_ws.l(trapv.o)
    0x0800618e   0x0800618e   0x00000000   Code   RO         4640    x$fpl$usenofp       fz_ws.l(usenofp.o)
    0x0800618e   0x0800618e   0x00000818   Data   RO         3390    .constdata          oled.o
    0x080069a6   0x080069a6   0x00000002   PAD
    0x080069a8   0x080069a8   0x00000050   Data   RO         3878    .constdata          inv_mpu.o
    0x080069f8   0x080069f8   0x00000bf6   Data   RO         4184    .constdata          inv_mpu_dmp_motion_driver.o
    0x080075ee   0x080075ee   0x00000011   Data   RO         4522    .constdata          c_w.l(__printf_flags_wp.o)
    0x080075ff   0x080075ff   0x00000001   PAD
    0x08007600   0x08007600   0x00000050   Data   RO         4596    .constdata          m_ws.l(asin.o)
    0x08007650   0x08007650   0x00000098   Data   RO         4643    .constdata          m_ws.l(atan.o)
    0x080076e8   0x080076e8   0x00000008   Data   RO         4669    .constdata          m_ws.l(qnan.o)
    0x080076f0   0x080076f0   0x0000004d   Data   RO         3879    .conststring        inv_mpu.o
    0x0800773d   0x0800773d   0x00000003   PAD
    0x08007740   0x08007740   0x00000020   Data   RO         4865    Region$$Table       anon$$obj.o


    Execution Region RW_IRAM1 (Exec base: 0x20000000, Load base: 0x08007760, Size: 0x000007f0, Max: 0x00005000, ABSOLUTE)

    Exec Addr    Load Addr    Size         Type   Attr      Idx    E Section Name        Object

    0x20000000   0x08007760   0x00000014   Data   RW          261    .data               system_stm32f10x.o
    0x20000014   0x08007774   0x00000014   Data   RW         1906    .data               stm32f10x_rcc.o
    0x20000028   0x08007788   0x00000004   Data   RW         3279    .data               delay.o
    0x2000002c   0x0800778c   0x00000006   Data   RW         3327    .data               usart.o
    0x20000032   0x08007792   0x00000002   PAD
    0x20000034   0x08007794   0x00000004   Data   RW         3528    .data               adc.o
    0x20000038   0x08007798   0x00000035   Data   RW         3880    .data               inv_mpu.o
    0x2000006d   0x080077cd   0x00000003   PAD
    0x20000070   0x080077d0   0x0000003c   Data   RW         4343    .data               control.o
    0x200000ac   0x0800780c   0x00000004   Data   RW         4390    .data               pwm.o
    0x200000b0   0x08007810   0x00000004   Data   RW         4440    .data               wave.o
    0x200000b4        -       0x000000c8   Zero   RW         3326    .bss                usart.o
    0x2000017c        -       0x00000010   Zero   RW         4183    .bss                inv_mpu_dmp_motion_driver.o
    0x2000018c        -       0x00000060   Zero   RW         4719    .bss                c_w.l(libspace.o)
    0x200001ec   0x08007814   0x00000004   PAD
    0x200001f0        -       0x00000200   Zero   RW          303    HEAP                startup_stm32f10x_hd.o
    0x200003f0        -       0x00000400   Zero   RW          302    STACK               startup_stm32f10x_hd.o


==============================================================================

Image component sizes


      Code (inc. data)   RO Data    RW Data    ZI Data      Debug   Object Name

       276         22          0          4          0       1962   adc.o
        44          4          0          0          0        472   beep.o
       384         72          0         60          0       2007   control.o
         0          0          0          0          0         32   core_cm3.o
       220         26          0          4          0       1659   delay.o
       152         14          0          0          0       1224   encoder.o
        80          6          0          0          0        536   exti.o
      4304        182        157         53          0      21478   inv_mpu.o
      2488        108       3062          0         16      18865   inv_mpu_dmp_motion_driver.o
       476        142          0          0          0     263047   main.o
       172         22          0          0          0       2121   misc.o
       148         40          0          0          0       1786   motor.o
       768          0          0          0          0       7579   mpu6050.o
       670        104          0          0          0       4714   mpuiic.o
      1342         44       2072          0          0       9420   oled.o
       468         38          0          4          0       2030   pwm.o
        64         26        304          0       1536        792   startup_stm32f10x_hd.o
       486         24          0          0          0       8546   stm32f10x_adc.o
       200         18          0          0          0       2172   stm32f10x_exti.o
       512         10          0          0          0       5132   stm32f10x_gpio.o
        26          0          0          0          0       3570   stm32f10x_it.o
       332         44          0         20          0       5574   stm32f10x_rcc.o
      1728        190          0          0          0      16636   stm32f10x_tim.o
       438          6          0          0          0       5652   stm32f10x_usart.o
        70          0          0          0          0        622   sys.o
       328         28          0         20          0       2141   system_stm32f10x.o
       400         34          0          6        200      19416   usart.o
       112         18          0          4          0        710   wave.o

    ----------------------------------------------------------------------
     16730       1222       5632        180       1752     409895   Object Totals
         0          0         32          0          0          0   (incl. Generated)
        42          0          5          5          0          0   (incl. Padding)

    ----------------------------------------------------------------------

      Code (inc. data)   RO Data    RW Data    ZI Data      Debug   Library Member Name

         8          0          0          0          0         68   __main.o
       312          4         17          0          0         92   __printf_flags_wp.o
        14          0          0          0          0         68   __printf_wp.o
         0          0          0          0          0          0   __rtentry.o
        12          0          0          0          0          0   __rtentry2.o
         6          0          0          0          0          0   __rtentry4.o
        52          8          0          0          0          0   __scatter.o
        26          0          0          0          0          0   __scatter_copy.o
        28          0          0          0          0          0   __scatter_zi.o
        48          6          0          0          0         96   _printf_char_common.o
        36          4          0          0          0         80   _printf_char_file.o
         6          0          0          0          0          0   _printf_d.o
       120         16          0          0          0         92   _printf_dec.o
       178          0          0          0          0         88   _printf_intcommon.o
         0          0          0          0          0          0   _printf_percent.o
         4          0          0          0          0          0   _printf_percent_end.o
        22          0          0          0          0        100   _rserrno.o
        16          0          0          0          0         68   aeabi_memset.o
        18          0          0          0          0         80   exit.o
         8          0          0          0          0         68   ferror.o
         6          0          0          0          0        152   heapauxi.o
         2          0          0          0          0          0   libinit.o
         2          0          0          0          0          0   libinit2.o
         2          0          0          0          0          0   libshutdown.o
         2          0          0          0          0          0   libshutdown2.o
         8          4          0          0         96         68   libspace.o
        88          0          0          0          0         76   memcmp.o
        24          4          0          0          0         84   noretval__2printf.o
         8          4          0          0          0         68   rt_errno_addr_intlibspace.o
        68          0          0          0          0         68   rt_memclr.o
        78          0          0          0          0         80   rt_memclr_w.o
         2          0          0          0          0          0   rtexit.o
        10          0          0          0          0          0   rtexit2.o
        74          0          0          0          0         80   sys_stackheap_outer.o
         2          0          0          0          0         68   use_no_semi.o
         2          0          0          0          0         68   use_no_semi_2.o
        98          4          0          0          0         92   d2f.o
       826         16          0          0          0        348   daddsub_clz.o
        16          4          0          0          0         68   dcheck1.o
        24          0          0          0          0         68   dcmpi.o
       688        140          0          0          0        208   ddiv.o
       120          4          0          0          0         92   deqf.o
        84          0          0          0          0        136   dflt_clz.o
       340         12          0          0          0        104   dmul.o
       156          4          0          0          0         92   dnaninf.o
        12          0          0          0          0         68   dretinf.o
       460         56          0          0          0        120   dsqrt_noumaal.o
        86          4          0          0          0         84   f2d.o
       450          8          0          0          0        236   faddsub_clz.o
        24          0          0          0          0         68   fcmpi.o
       388         76          0          0          0         96   fdiv.o
        54          4          0          0          0         84   ffix.o
        62          4          0          0          0         84   ffixu.o
        86          0          0          0          0        136   fflt_clz.o
       104          4          0          0          0         84   fleqf.o
       258          4          0          0          0         84   fmul.o
       140          4          0          0          0         84   fnaninf.o
        10          0          0          0          0         68   fretinf.o
       100          0          0          0          0         68   retnan.o
        92          0          0          0          0         68   scalbn.o
        48          0          0          0          0         68   trapv.o
         0          0          0          0          0          0   usenofp.o
       624         52         80          0          0        168   asin.o
       544         70        152          0          0        124   atan.o
       412         38          0          0          0        144   atan2.o
        38          6          0          0          0        272   dunder.o
        40          0          0          0          0         68   fpclassify.o
       170          0          0          0          0         96   poly.o
         0          0          8          0          0          0   qnan.o
        76          0          0          0          0         84   sqrt.o

    ----------------------------------------------------------------------
      7940        564        258          0        100       5376   Library Totals
        18          0          1          0          4          0   (incl. Padding)

    ----------------------------------------------------------------------

      Code (inc. data)   RO Data    RW Data    ZI Data      Debug   Library Name

      1292         50         17          0         96       1712   c_w.l
      4726        348          0          0          0       2708   fz_ws.l
      1904        166        240          0          0        956   m_ws.l

    ----------------------------------------------------------------------
      7940        564        258          0        100       5376   Library Totals

    ----------------------------------------------------------------------

==============================================================================


      Code (inc. data)   RO Data    RW Data    ZI Data      Debug   

     24670       1786       5890        180       1852     403567   Grand Totals
     24670       1786       5890        180       1852     403567   ELF Image Totals
     24670       1786       5890        180          0          0   ROM Totals

==============================================================================

    Total RO  Size (Code + RO Data)                30560 (  29.84kB)
    Total RW  Size (RW Data + ZI Data)              2032 (   1.98kB)
    Total ROM Size (Code + RO Data + RW Data)      30740 (  30.02kB)

==============================================================================

